Archive member included to satisfy reference by file (symbol)

D:/Big_Softwares/STM32CubeIDE_2.1.1/STM32CubeIDE/plugins/com.st.stm32cube.ide.mcu.externaltools.gnu-tools-for-stm32.14.3.rel1.win32_1.0.100.202602081740/tools/bin/../lib/gcc/arm-none-eabi/14.3.1/../../../../arm-none-eabi/lib/thumb/v7e-m+fp/hard\libc_nano.a(libc_a-exit.o)
                              D:/Big_Softwares/STM32CubeIDE_2.1.1/STM32CubeIDE/plugins/com.st.stm32cube.ide.mcu.externaltools.gnu-tools-for-stm32.14.3.rel1.win32_1.0.100.202602081740/tools/bin/../lib/gcc/arm-none-eabi/14.3.1/../../../../arm-none-eabi/lib/thumb/v7e-m+fp/hard/crt0.o (exit)
D:/Big_Softwares/STM32CubeIDE_2.1.1/STM32CubeIDE/plugins/com.st.stm32cube.ide.mcu.externaltools.gnu-tools-for-stm32.14.3.rel1.win32_1.0.100.202602081740/tools/bin/../lib/gcc/arm-none-eabi/14.3.1/../../../../arm-none-eabi/lib/thumb/v7e-m+fp/hard\libc_nano.a(libc_a-findfp.o)
                              D:/Big_Softwares/STM32CubeIDE_2.1.1/STM32CubeIDE/plugins/com.st.stm32cube.ide.mcu.externaltools.gnu-tools-for-stm32.14.3.rel1.win32_1.0.100.202602081740/tools/bin/../lib/gcc/arm-none-eabi/14.3.1/../../../../arm-none-eabi/lib/thumb/v7e-m+fp/hard\libc_nano.a(libc_a-exit.o) (__stdio_exit_handler)
D:/Big_Softwares/STM32CubeIDE_2.1.1/STM32CubeIDE/plugins/com.st.stm32cube.ide.mcu.externaltools.gnu-tools-for-stm32.14.3.rel1.win32_1.0.100.202602081740/tools/bin/../lib/gcc/arm-none-eabi/14.3.1/../../../../arm-none-eabi/lib/thumb/v7e-m+fp/hard\libc_nano.a(libc_a-fwalk.o)
                              D:/Big_Softwares/STM32CubeIDE_2.1.1/STM32CubeIDE/plugins/com.st.stm32cube.ide.mcu.externaltools.gnu-tools-for-stm32.14.3.rel1.win32_1.0.100.202602081740/tools/bin/../lib/gcc/arm-none-eabi/14.3.1/../../../../arm-none-eabi/lib/thumb/v7e-m+fp/hard\libc_nano.a(libc_a-findfp.o) (_fwalk_sglue)
D:/Big_Softwares/STM32CubeIDE_2.1.1/STM32CubeIDE/plugins/com.st.stm32cube.ide.mcu.externaltools.gnu-tools-for-stm32.14.3.rel1.win32_1.0.100.202602081740/tools/bin/../lib/gcc/arm-none-eabi/14.3.1/../../../../arm-none-eabi/lib/thumb/v7e-m+fp/hard\libc_nano.a(libc_a-stdio.o)
                              D:/Big_Softwares/STM32CubeIDE_2.1.1/STM32CubeIDE/plugins/com.st.stm32cube.ide.mcu.externaltools.gnu-tools-for-stm32.14.3.rel1.win32_1.0.100.202602081740/tools/bin/../lib/gcc/arm-none-eabi/14.3.1/../../../../arm-none-eabi/lib/thumb/v7e-m+fp/hard\libc_nano.a(libc_a-findfp.o) (__sread)
D:/Big_Softwares/STM32CubeIDE_2.1.1/STM32CubeIDE/plugins/com.st.stm32cube.ide.mcu.externaltools.gnu-tools-for-stm32.14.3.rel1.win32_1.0.100.202602081740/tools/bin/../lib/gcc/arm-none-eabi/14.3.1/../../../../arm-none-eabi/lib/thumb/v7e-m+fp/hard\libc_nano.a(libc_a-memcmp.o)
                              ./Core/Src/pass_storage.o (memcmp)
D:/Big_Softwares/STM32CubeIDE_2.1.1/STM32CubeIDE/plugins/com.st.stm32cube.ide.mcu.externaltools.gnu-tools-for-stm32.14.3.rel1.win32_1.0.100.202602081740/tools/bin/../lib/gcc/arm-none-eabi/14.3.1/../../../../arm-none-eabi/lib/thumb/v7e-m+fp/hard\libc_nano.a(libc_a-memset.o)
                              D:/Big_Softwares/STM32CubeIDE_2.1.1/STM32CubeIDE/plugins/com.st.stm32cube.ide.mcu.externaltools.gnu-tools-for-stm32.14.3.rel1.win32_1.0.100.202602081740/tools/bin/../lib/gcc/arm-none-eabi/14.3.1/../../../../arm-none-eabi/lib/thumb/v7e-m+fp/hard/crt0.o (memset)
D:/Big_Softwares/STM32CubeIDE_2.1.1/STM32CubeIDE/plugins/com.st.stm32cube.ide.mcu.externaltools.gnu-tools-for-stm32.14.3.rel1.win32_1.0.100.202602081740/tools/bin/../lib/gcc/arm-none-eabi/14.3.1/../../../../arm-none-eabi/lib/thumb/v7e-m+fp/hard\libc_nano.a(libc_a-strncpy.o)
                              ./Core/Src/pass_storage.o (strncpy)
D:/Big_Softwares/STM32CubeIDE_2.1.1/STM32CubeIDE/plugins/com.st.stm32cube.ide.mcu.externaltools.gnu-tools-for-stm32.14.3.rel1.win32_1.0.100.202602081740/tools/bin/../lib/gcc/arm-none-eabi/14.3.1/../../../../arm-none-eabi/lib/thumb/v7e-m+fp/hard\libc_nano.a(libc_a-closer.o)
                              D:/Big_Softwares/STM32CubeIDE_2.1.1/STM32CubeIDE/plugins/com.st.stm32cube.ide.mcu.externaltools.gnu-tools-for-stm32.14.3.rel1.win32_1.0.100.202602081740/tools/bin/../lib/gcc/arm-none-eabi/14.3.1/../../../../arm-none-eabi/lib/thumb/v7e-m+fp/hard\libc_nano.a(libc_a-stdio.o) (_close_r)
D:/Big_Softwares/STM32CubeIDE_2.1.1/STM32CubeIDE/plugins/com.st.stm32cube.ide.mcu.externaltools.gnu-tools-for-stm32.14.3.rel1.win32_1.0.100.202602081740/tools/bin/../lib/gcc/arm-none-eabi/14.3.1/../../../../arm-none-eabi/lib/thumb/v7e-m+fp/hard\libc_nano.a(libc_a-reent.o)
                              D:/Big_Softwares/STM32CubeIDE_2.1.1/STM32CubeIDE/plugins/com.st.stm32cube.ide.mcu.externaltools.gnu-tools-for-stm32.14.3.rel1.win32_1.0.100.202602081740/tools/bin/../lib/gcc/arm-none-eabi/14.3.1/../../../../arm-none-eabi/lib/thumb/v7e-m+fp/hard\libc_nano.a(libc_a-closer.o) (errno)
[...]
Memory Configuration

Name             Origin             Length             Attributes
RAM              0x20000000         0x00010000         xrw
FLASH            0x08000000         0x00040000         xr
*default*        0x00000000         0xffffffff

Linker script and memory map

LOAD D:/Big_Softwares/STM32CubeIDE_2.1.1/STM32CubeIDE/plugins/com.st.stm32cube.ide.mcu.externaltools.gnu-tools-for-stm32.14.3.rel1.win32_1.0.100.202602081740/tools/bin/../lib/gcc/arm-none-eabi/14.3.1/thumb/v7e-m+fp/hard/crti.o
LOAD D:/Big_Softwares/STM32CubeIDE_2.1.1/STM32CubeIDE/plugins/com.st.stm32cube.ide.mcu.externaltools.gnu-tools-for-stm32.14.3.rel1.win32_1.0.100.202602081740/tools/bin/../lib/gcc/arm-none-eabi/14.3.1/thumb/v7e-m+fp/hard/crtbegin.o
LOAD D:/Big_Softwares/STM32CubeIDE_2.1.1/STM32CubeIDE/plugins/com.st.stm32cube.ide.mcu.externaltools.gnu-tools-for-stm32.14.3.rel1.win32_1.0.100.202602081740/tools/bin/../lib/gcc/arm-none-eabi/14.3.1/../../../../arm-none-eabi/lib/thumb/v7e-m+fp/hard/crt0.o
LOAD ./Core/Src/aes.o
LOAD ./Core/Src/entropy_gen.o
LOAD ./Core/Src/main.o
LOAD ./Core/Src/pass_storage.o
LOAD ./Core/Src/security_vault.o
LOAD ./Core/Src/stm32f4xx_hal_msp.o
LOAD ./Core/Src/stm32f4xx_it.o
LOAD ./Core/Src/syscalls.o
LOAD ./Core/Src/sysmem.o
LOAD ./Core/Src/system_stm32f4xx.o
LOAD ./Core/Startup/startup_stm32f401ccux.o
LOAD ./Drivers/STM32F4xx_HAL_Driver/Src/stm32f4xx_hal.o
LOAD ./Drivers/STM32F4xx_HAL_Driver/Src/stm32f4xx_hal_adc.o
LOAD ./Drivers/STM32F4xx_HAL_Driver/Src/stm32f4xx_hal_adc_ex.o
LOAD ./Drivers/STM32F4xx_HAL_Driver/Src/stm32f4xx_hal_cortex.o
LOAD ./Drivers/STM32F4xx_HAL_Driver/Src/stm32f4xx_hal_dma.o
LOAD ./Drivers/STM32F4xx_HAL_Driver/Src/stm32f4xx_hal_dma_ex.o
LOAD ./Drivers/STM32F4xx_HAL_Driver/Src/stm32f4xx_hal_exti.o
LOAD ./Drivers/STM32F4xx_HAL_Driver/Src/stm32f4xx_hal_flash.o
LOAD ./Drivers/STM32F4xx_HAL_Driver/Src/stm32f4xx_hal_flash_ex.o
LOAD ./Drivers/STM32F4xx_HAL_Driver/Src/stm32f4xx_hal_flash_ramfunc.o
LOAD ./Drivers/STM32F4xx_HAL_Driver/Src/stm32f4xx_hal_gpio.o
LOAD ./Drivers/STM32F4xx_HAL_Driver/Src/stm32f4xx_hal_pcd.o
LOAD ./Drivers/STM32F4xx_HAL_Driver/Src/stm32f4xx_hal_pcd_ex.o
LOAD ./Drivers/STM32F4xx_HAL_Driver/Src/stm32f4xx_hal_pwr.o
LOAD ./Drivers/STM32F4xx_HAL_Driver/Src/stm32f4xx_hal_pwr_ex.o
LOAD ./Drivers/STM32F4xx_HAL_Driver/Src/stm32f4xx_hal_rcc.o
LOAD ./Drivers/STM32F4xx_HAL_Driver/Src/stm32f4xx_hal_rcc_ex.o
LOAD ./Drivers/STM32F4xx_HAL_Driver/Src/stm32f4xx_ll_usb.o
LOAD ./Middlewares/ST/STM32_USB_Device_Library/Class/HID/Src/usbd_hid.o
LOAD ./Middlewares/ST/STM32_USB_Device_Library/Core/Src/usbd_core.o
LOAD ./Middlewares/ST/STM32_USB_Device_Library/Core/Src/usbd_ctlreq.o
LOAD ./Middlewares/ST/STM32_USB_Device_Library/Core/Src/usbd_ioreq.o
LOAD ./USB_DEVICE/App/usb_device.o
LOAD ./USB_DEVICE/App/usbd_desc.o
LOAD ./USB_DEVICE/Target/usbd_conf.o
START GROUP
LOAD D:/Big_Softwares/STM32CubeIDE_2.1.1/STM32CubeIDE/plugins/com.st.stm32cube.ide.mcu.externaltools.gnu-tools-for-stm32.14.3.rel1.win32_1.0.100.202602081740/tools/bin/../lib/gcc/arm-none-eabi/14.3.1/../../../../arm-none-eabi/lib/thumb/v7e-m+fp/hard\libc_nano.a
LOAD D:/Big_Softwares/STM32CubeIDE_2.1.1/STM32CubeIDE/plugins/com.st.stm32cube.ide.mcu.externaltools.gnu-tools-for-stm32.14.3.rel1.win32_1.0.100.202602081740/tools/bin/../lib/gcc/arm-none-eabi/14.3.1/../../../../arm-none-eabi/lib/thumb/v7e-m+fp/hard\libm.a
END GROUP
START GROUP
LOAD D:/Big_Softwares/STM32CubeIDE_2.1.1/STM32CubeIDE/plugins/com.st.stm32cube.ide.mcu.externaltools.gnu-tools-for-stm32.14.3.rel1.win32_1.0.100.202602081740/tools/bin/../lib/gcc/arm-none-eabi/14.3.1/thumb/v7e-m+fp/hard\libgcc.a
LOAD D:/Big_Softwares/STM32CubeIDE_2.1.1/STM32CubeIDE/plugins/com.st.stm32cube.ide.mcu.externaltools.gnu-tools-for-stm32.14.3.rel1.win32_1.0.100.202602081740/tools/bin/../lib/gcc/arm-none-eabi/14.3.1/../../../../arm-none-eabi/lib/thumb/v7e-m+fp/hard\libc_nano.a
END GROUP
START GROUP
LOAD D:/Big_Softwares/STM32CubeIDE_2.1.1/STM32CubeIDE/plugins/com.st.stm32cube.ide.mcu.externaltools.gnu-tools-for-stm32.14.3.rel1.win32_1.0.100.202602081740/tools/bin/../lib/gcc/arm-none-eabi/14.3.1/thumb/v7e-m+fp/hard\libgcc.a
LOAD D:/Big_Softwares/STM32CubeIDE_2.1.1/STM32CubeIDE/plugins/com.st.stm32cube.ide.mcu.externaltools.gnu-tools-for-stm32.14.3.rel1.win32_1.0.100.202602081740/tools/bin/../lib/gcc/arm-none-eabi/14.3.1/../../../../arm-none-eabi/lib/thumb/v7e-m+fp/hard\libc_nano.a
LOAD D:/Big_Softwares/STM32CubeIDE_2.1.1/STM32CubeIDE/plugins/com.st.stm32cube.ide.mcu.externaltools.gnu-tools-for-stm32.14.3.rel1.win32_1.0.100.202602081740/tools/bin/../lib/gcc/arm-none-eabi/14.3.1/../../../../arm-none-eabi/lib/thumb/v7e-m+fp/hard\libnosys.a
END GROUP
START GROUP
LOAD D:/Big_Softwares/STM32CubeIDE_2.1.1/STM32CubeIDE/plugins/com.st.stm32cube.ide.mcu.externaltools.gnu-tools-for-stm32.14.3.rel1.win32_1.0.100.202602081740/tools/bin/../lib/gcc/arm-none-eabi/14.3.1/thumb/v7e-m+fp/hard\libgcc.a
LOAD D:/Big_Softwares/STM32CubeIDE_2.1.1/STM32CubeIDE/plugins/com.st.stm32cube.ide.mcu.externaltools.gnu-tools-for-stm32.14.3.rel1.win32_1.0.100.202602081740/tools/bin/../lib/gcc/arm-none-eabi/14.3.1/../../../../arm-none-eabi/lib/thumb/v7e-m+fp/hard\libc_nano.a
LOAD D:/Big_Softwares/STM32CubeIDE_2.1.1/STM32CubeIDE/plugins/com.st.stm32cube.ide.mcu.externaltools.gnu-tools-for-stm32.14.3.rel1.win32_1.0.100.202602081740/tools/bin/../lib/gcc/arm-none-eabi/14.3.1/../../../../arm-none-eabi/lib/thumb/v7e-m+fp/hard\libnosys.a
END GROUP
LOAD D:/Big_Softwares/STM32CubeIDE_2.1.1/STM32CubeIDE/plugins/com.st.stm32cube.ide.mcu.externaltools.gnu-tools-for-stm32.14.3.rel1.win32_1.0.100.202602081740/tools/bin/../lib/gcc/arm-none-eabi/14.3.1/thumb/v7e-m+fp/hard/crtend.o
LOAD D:/Big_Softwares/STM32CubeIDE_2.1.1/STM32CubeIDE/plugins/com.st.stm32cube.ide.mcu.externaltools.gnu-tools-for-stm32.14.3.rel1.win32_1.0.100.202602081740/tools/bin/../lib/gcc/arm-none-eabi/14.3.1/thumb/v7e-m+fp/hard/crtn.o
                0x20010000                        _estack = (ORIGIN (RAM) + LENGTH (RAM))
                0x00000200                        _Min_Heap_Size = 0x200
                0x00000400                        _Min_Stack_Size = 0x400

.isr_vector     0x08000000      0x194
                0x08000000                        . = ALIGN (0x4)
 *(.isr_vector)
 .isr_vector    0x08000000      0x194 ./Core/Startup/startup_stm32f401ccux.o
                0x08000000                g_pfnVectors
                0x08000194                        . = ALIGN (0x4)

.text           0x08000194     0x8940
                0x08000194                        . = ALIGN (0x4)
 *(.text)
 .text          0x08000194       0x40 D:/Big_Softwares/STM32CubeIDE_2.1.1/STM32CubeIDE/plugins/com.st.stm32cube.ide.mcu.externaltools.gnu-tools-for-stm32.14.3.rel1.win32_1.0.100.202602081740/tools/bin/../lib/gcc/arm-none-eabi/14.3.1/thumb/v7e-m+fp/hard/crtbegin.o
 .text          0x080001d4       0x30 D:/Big_Softwares/STM32CubeIDE_2.1.1/STM32CubeIDE/plugins/com.st.stm32cube.ide.mcu.externaltools.gnu-tools-for-stm32.14.3.rel1.win32_1.0.100.202602081740/tools/bin/../lib/gcc/arm-none-eabi/14.3.1/thumb/v7e-m+fp/hard\libgcc.a(_aeabi_uldivmod.o)
                0x080001d4                __aeabi_uldivmod
 .text          0x08000204      0x2f8 D:/Big_Softwares/STM32CubeIDE_2.1.1/STM32CubeIDE/plugins/com.st.stm32cube.ide.mcu.externaltools.gnu-tools-for-stm32.14.3.rel1.win32_1.0.100.202602081740/tools/bin/../lib/gcc/arm-none-eabi/14.3.1/thumb/v7e-m+fp/hard\libgcc.a(_udivmoddi4.o)
                0x08000204                __udivmoddi4
 .text          0x080004fc        0x4 D:/Big_Softwares/STM32CubeIDE_2.1.1/STM32CubeIDE/plugins/com.st.stm32cube.ide.mcu.externaltools.gnu-tools-for-stm32.14.3.rel1.win32_1.0.100.202602081740/tools/bin/../lib/gcc/arm-none-eabi/14.3.1/thumb/v7e-m+fp/hard\libgcc.a(_dvmd_tls.o)
                0x080004fc                __aeabi_idiv0
                0x080004fc                __aeabi_ldiv0
 *(.text*)
 .text.KeyExpansion
                0x08000500      0x1a0 ./Core/Src/aes.o
 .text.AES_init_ctx_iv
                0x080006a0       0x2c ./Core/Src/aes.o
                0x080006a0                AES_init_ctx_iv
 .text.AddRoundKey
                0x080006cc       0x78 ./Core/Src/aes.o
 .text.SubBytes
                0x08000744       0x64 ./Core/Src/aes.o
 .text.ShiftRows
                0x080007a8       0x84 ./Core/Src/aes.o
 .text.xtime    0x0800082c       0x3e ./Core/Src/aes.o
 .text.MixColumns
                0x0800086a      0x16a ./Core/Src/aes.o
 .text.InvMixColumns
                0x080009d4      0x698 ./Core/Src/aes.o
 .text.InvSubBytes
                0x0800106c       0x64 ./Core/Src/aes.o
 .text.InvShiftRows
                0x080010d0       0x84 ./Core/Src/aes.o
 .text.Cipher   0x08001154       0x5c ./Core/Src/aes.o
 .text.InvCipher
                0x080011b0       0x52 ./Core/Src/aes.o
 .text.XorWithIv
                0x08001202       0x46 ./Core/Src/aes.o
 .text.AES_CBC_encrypt_buffer
                0x08001248       0x58 ./Core/Src/aes.o
                0x08001248                AES_CBC_encrypt_buffer
 .text.AES_CBC_decrypt_buffer
                0x080012a0       0x6a ./Core/Src/aes.o
                0x080012a0                AES_CBC_decrypt_buffer
 *fill*         0x0800130a        0x2 
 .text.Entropy_Seed_Engine
                0x0800130c       0x20 ./Core/Src/entropy_gen.o
                0x0800130c                Entropy_Seed_Engine
 .text.Entropy_Generate_Bytes
                0x0800132c       0xa8 ./Core/Src/entropy_gen.o
                0x0800132c                Entropy_Generate_Bytes
 .text.Entropy_Generate_Password
                0x080013d4       0xcc ./Core/Src/entropy_gen.o
                0x080013d4                Entropy_Generate_Password
 .text.main     0x080014a0      0x1a0 ./Core/Src/main.o
                0x080014a0                main
 .text.SystemClock_Config
                0x08001640       0xd8 ./Core/Src/main.o
                0x08001640                SystemClock_Config
 .text.MX_ADC1_Init
                0x08001718       0xa4 ./Core/Src/main.o
 .text.MX_GPIO_Init
                0x080017bc       0x78 ./Core/Src/main.o
 .text.HID_Send_Safe
                0x08001834       0x48 ./Core/Src/main.o
 .text.USB_Type_String
                0x0800187c       0x7c ./Core/Src/main.o
                0x0800187c                USB_Type_String
 .text.Error_Handler
                0x080018f8        0xc ./Core/Src/main.o
                0x080018f8                Error_Handler
 .text.PassStorage_Init
                0x08001904       0x74 ./Core/Src/pass_storage.o
                0x08001904                PassStorage_Init
 .text.Flash_CommitDatabase
                0x08001978       0xd8 ./Core/Src/pass_storage.o
 .text.PassStorage_ReadSlot
                0x08001a50       0xa8 ./Core/Src/pass_storage.o
                0x08001a50                PassStorage_ReadSlot
 .text.PassStorage_WriteSlot
                0x08001af8       0xc8 ./Core/Src/pass_storage.o
                0x08001af8                PassStorage_WriteSlot
 .text.Vault_Encrypt_And_Store
                0x08001bc0       0x94 ./Core/Src/security_vault.o
                0x08001bc0                Vault_Encrypt_And_Store
 .text.Vault_Retrieve_And_Decrypt
                0x08001c54       0xf4 ./Core/Src/security_vault.o
                0x08001c54                Vault_Retrieve_And_Decrypt
 .text.HAL_MspInit
                0x08001d48       0x50 ./Core/Src/stm32f4xx_hal_msp.o
                0x08001d48                HAL_MspInit
 .text.HAL_ADC_MspInit
                0x08001d98       0x88 ./Core/Src/stm32f4xx_hal_msp.o
                0x08001d98                HAL_ADC_MspInit
 .text.NMI_Handler
                0x08001e20        0x8 ./Core/Src/stm32f4xx_it.o
                0x08001e20                NMI_Handler
 .text.HardFault_Handler
                0x08001e28        0x8 ./Core/Src/stm32f4xx_it.o
                0x08001e28                HardFault_Handler
 .text.MemManage_Handler
                0x08001e30        0x8 ./Core/Src/stm32f4xx_it.o
                0x08001e30                MemManage_Handler
 .text.BusFault_Handler
                0x08001e38        0x8 ./Core/Src/stm32f4xx_it.o
                0x08001e38                BusFault_Handler
 .text.UsageFault_Handler
                0x08001e40        0x8 ./Core/Src/stm32f4xx_it.o
                0x08001e40                UsageFault_Handler
 .text.SVC_Handler
                0x08001e48        0xe ./Core/Src/stm32f4xx_it.o
                0x08001e48                SVC_Handler
 .text.DebugMon_Handler
                0x08001e56        0xe ./Core/Src/stm32f4xx_it.o
                0x08001e56                DebugMon_Handler
 .text.PendSV_Handler
                0x08001e64        0xe ./Core/Src/stm32f4xx_it.o
                0x08001e64                PendSV_Handler
 .text.SysTick_Handler
                0x08001e72        0xc ./Core/Src/stm32f4xx_it.o
                0x08001e72                SysTick_Handler
 *fill*         0x08001e7e        0x2 
 .text.OTG_FS_IRQHandler
                0x08001e80       0x14 ./Core/Src/stm32f4xx_it.o
                0x08001e80                OTG_FS_IRQHandler
 .text.SystemInit
                0x08001e94       0x24 ./Core/Src/system_stm32f4xx.o
                0x08001e94                SystemInit
 .text.Reset_Handler
                0x08001eb8       0x50 ./Core/Startup/startup_stm32f401ccux.o
                0x08001eb8                Reset_Handler
 .text.Default_Handler
                0x08001f08        0x2 ./Core/Startup/startup_stm32f401ccux.o
                0x08001f08                RTC_Alarm_IRQHandler
                0x08001f08                EXTI2_IRQHandler
                0x08001f08                SPI4_IRQHandler
                0x08001f08                TIM1_CC_IRQHandler
                0x08001f08                DMA2_Stream5_IRQHandler
                0x08001f08                DMA1_Stream5_IRQHandler
                0x08001f08                PVD_IRQHandler
                0x08001f08                SDIO_IRQHandler
                0x08001f08                TAMP_STAMP_IRQHandler
                0x08001f08                EXTI3_IRQHandler
                0x08001f08                TIM1_UP_TIM10_IRQHandler
                0x08001f08                I2C3_ER_IRQHandler
                0x08001f08                EXTI0_IRQHandler
                0x08001f08                I2C2_EV_IRQHandler
                0x08001f08                DMA1_Stream2_IRQHandler
                0x08001f08                FPU_IRQHandler
                0x08001f08                DMA2_Stream2_IRQHandler
                0x08001f08                SPI1_IRQHandler
                0x08001f08                TIM1_BRK_TIM9_IRQHandler
                0x08001f08                DMA2_Stream3_IRQHandler
                0x08001f08                USART6_IRQHandler
                0x08001f08                DMA2_Stream0_IRQHandler
                0x08001f08                TIM4_IRQHandler
                0x08001f08                I2C1_EV_IRQHandler
                0x08001f08                DMA1_Stream6_IRQHandler
                0x08001f08                DMA1_Stream1_IRQHandler
                0x08001f08                TIM3_IRQHandler
                0x08001f08                RCC_IRQHandler
                0x08001f08                Default_Handler
                0x08001f08                EXTI15_10_IRQHandler
                0x08001f08                ADC_IRQHandler
                0x08001f08                DMA1_Stream7_IRQHandler
                0x08001f08                TIM5_IRQHandler
                0x08001f08                DMA2_Stream7_IRQHandler
                0x08001f08                I2C3_EV_IRQHandler
                0x08001f08                EXTI9_5_IRQHandler
                0x08001f08                RTC_WKUP_IRQHandler
                0x08001f08                SPI2_IRQHandler
                0x08001f08                DMA1_Stream0_IRQHandler
                0x08001f08                EXTI4_IRQHandler
                0x08001f08                WWDG_IRQHandler
                0x08001f08                TIM2_IRQHandler
                0x08001f08                OTG_FS_WKUP_IRQHandler
                0x08001f08                TIM1_TRG_COM_TIM11_IRQHandler
                0x08001f08                EXTI1_IRQHandler
                0x08001f08                USART2_IRQHandler
                0x08001f08                I2C2_ER_IRQHandler
                0x08001f08                DMA2_Stream1_IRQHandler
                0x08001f08                FLASH_IRQHandler
                0x08001f08                DMA2_Stream4_IRQHandler
                0x08001f08                USART1_IRQHandler
                0x08001f08                SPI3_IRQHandler
                0x08001f08                DMA1_Stream4_IRQHandler
                0x08001f08                I2C1_ER_IRQHandler
                0x08001f08                DMA2_Stream6_IRQHandler
                0x08001f08                DMA1_Stream3_IRQHandler
 *fill*         0x08001f0a        0x2 
 .text.HAL_Init
                0x08001f0c       0x44 ./Drivers/STM32F4xx_HAL_Driver/Src/stm32f4xx_hal.o
                0x08001f0c                HAL_Init
 .text.HAL_InitTick
                0x08001f50       0x60 ./Drivers/STM32F4xx_HAL_Driver/Src/stm32f4xx_hal.o
                0x08001f50                HAL_InitTick
 .text.HAL_IncTick
                0x08001fb0       0x28 ./Drivers/STM32F4xx_HAL_Driver/Src/stm32f4xx_hal.o
                0x08001fb0                HAL_IncTick
 .text.HAL_GetTick
                0x08001fd8       0x18 ./Drivers/STM32F4xx_HAL_Driver/Src/stm32f4xx_hal.o
                0x08001fd8                HAL_GetTick
 .text.HAL_Delay
                0x08001ff0       0x48 ./Drivers/STM32F4xx_HAL_Driver/Src/stm32f4xx_hal.o
                0x08001ff0                HAL_Delay
 .text.HAL_ADC_Init
                0x08002038       0x86 ./Drivers/STM32F4xx_HAL_Driver/Src/stm32f4xx_hal_adc.o
                0x08002038                HAL_ADC_Init
 *fill*         0x080020be        0x2 
 .text.HAL_ADC_Start
                0x080020c0      0x168 ./Drivers/STM32F4xx_HAL_Driver/Src/stm32f4xx_hal_adc.o
                0x080020c0                HAL_ADC_Start
 .text.HAL_ADC_Stop
                0x08002228       0x66 ./Drivers/STM32F4xx_HAL_Driver/Src/stm32f4xx_hal_adc.o
                0x08002228                HAL_ADC_Stop
 .text.HAL_ADC_PollForConversion
                0x0800228e      0x116 ./Drivers/STM32F4xx_HAL_Driver/Src/stm32f4xx_hal_adc.o
                0x0800228e                HAL_ADC_PollForConversion
 .text.HAL_ADC_GetValue
                0x080023a4       0x1a ./Drivers/STM32F4xx_HAL_Driver/Src/stm32f4xx_hal_adc.o
                0x080023a4                HAL_ADC_GetValue
 *fill*         0x080023be        0x2 
 .text.HAL_ADC_ConfigChannel
                0x080023c0      0x244 ./Drivers/STM32F4xx_HAL_Driver/Src/stm32f4xx_hal_adc.o
                0x080023c0                HAL_ADC_ConfigChannel
 .text.ADC_Init
                0x08002604      0x1f8 ./Drivers/STM32F4xx_HAL_Driver/Src/stm32f4xx_hal_adc.o
 .text.__NVIC_SetPriorityGrouping
                0x080027fc       0x48 ./Drivers/STM32F4xx_HAL_Driver/Src/stm32f4xx_hal_cortex.o
 .text.__NVIC_GetPriorityGrouping
                0x08002844       0x1c ./Drivers/STM32F4xx_HAL_Driver/Src/stm32f4xx_hal_cortex.o
 .text.__NVIC_EnableIRQ
                0x08002860       0x3c ./Drivers/STM32F4xx_HAL_Driver/Src/stm32f4xx_hal_cortex.o
 .text.__NVIC_SetPriority
                0x0800289c       0x54 ./Drivers/STM32F4xx_HAL_Driver/Src/stm32f4xx_hal_cortex.o
 .text.NVIC_EncodePriority
                0x080028f0       0x66 ./Drivers/STM32F4xx_HAL_Driver/Src/stm32f4xx_hal_cortex.o
 *fill*         0x08002956        0x2 
 .text.SysTick_Config
                0x08002958       0x44 ./Drivers/STM32F4xx_HAL_Driver/Src/stm32f4xx_hal_cortex.o
 .text.HAL_NVIC_SetPriorityGrouping
                0x0800299c       0x16 ./Drivers/STM32F4xx_HAL_Driver/Src/stm32f4xx_hal_cortex.o
                0x0800299c                HAL_NVIC_SetPriorityGrouping
 .text.HAL_NVIC_SetPriority
                0x080029b2       0x38 ./Drivers/STM32F4xx_HAL_Driver/Src/stm32f4xx_hal_cortex.o
                0x080029b2                HAL_NVIC_SetPriority
 .text.HAL_NVIC_EnableIRQ
                0x080029ea       0x1c ./Drivers/STM32F4xx_HAL_Driver/Src/stm32f4xx_hal_cortex.o
                0x080029ea                HAL_NVIC_EnableIRQ
 .text.HAL_SYSTICK_Config
                0x08002a06       0x18 ./Drivers/STM32F4xx_HAL_Driver/Src/stm32f4xx_hal_cortex.o
                0x08002a06                HAL_SYSTICK_Config
 *fill*         0x08002a1e        0x2 
 .text.HAL_FLASH_Program
                0x08002a20       0xa4 ./Drivers/STM32F4xx_HAL_Driver/Src/stm32f4xx_hal_flash.o
                0x08002a20                HAL_FLASH_Program
 .text.HAL_FLASH_Unlock
                0x08002ac4       0x44 ./Drivers/STM32F4xx_HAL_Driver/Src/stm32f4xx_hal_flash.o
                0x08002ac4                HAL_FLASH_Unlock
 .text.HAL_FLASH_Lock
                0x08002b08       0x20 ./Drivers/STM32F4xx_HAL_Driver/Src/stm32f4xx_hal_flash.o
                0x08002b08                HAL_FLASH_Lock
 .text.FLASH_WaitForLastOperation
                0x08002b28       0x80 ./Drivers/STM32F4xx_HAL_Driver/Src/stm32f4xx_hal_flash.o
                0x08002b28                FLASH_WaitForLastOperation
 .text.FLASH_Program_DoubleWord
                0x08002ba8       0x64 ./Drivers/STM32F4xx_HAL_Driver/Src/stm32f4xx_hal_flash.o
 .text.FLASH_Program_Word
                0x08002c0c       0x44 ./Drivers/STM32F4xx_HAL_Driver/Src/stm32f4xx_hal_flash.o
 .text.FLASH_Program_HalfWord
                0x08002c50       0x48 ./Drivers/STM32F4xx_HAL_Driver/Src/stm32f4xx_hal_flash.o
 .text.FLASH_Program_Byte
                0x08002c98       0x44 ./Drivers/STM32F4xx_HAL_Driver/Src/stm32f4xx_hal_flash.o
 .text.FLASH_SetErrorCode
                0x08002cdc       0xcc ./Drivers/STM32F4xx_HAL_Driver/Src/stm32f4xx_hal_flash.o
 .text.HAL_FLASHEx_Erase
                0x08002da8       0xdc ./Drivers/STM32F4xx_HAL_Driver/Src/stm32f4xx_hal_flash_ex.o
                0x08002da8                HAL_FLASHEx_Erase
 .text.FLASH_MassErase
                0x08002e84       0x48 ./Drivers/STM32F4xx_HAL_Driver/Src/stm32f4xx_hal_flash_ex.o
 .text.FLASH_Erase_Sector
                0x08002ecc       0x90 ./Drivers/STM32F4xx_HAL_Driver/Src/stm32f4xx_hal_flash_ex.o
                0x08002ecc                FLASH_Erase_Sector
 .text.FLASH_FlushCaches
                0x08002f5c       0x8c ./Drivers/STM32F4xx_HAL_Driver/Src/stm32f4xx_hal_flash_ex.o
                0x08002f5c                FLASH_FlushCaches
 .text.HAL_GPIO_Init
                0x08002fe8      0x308 ./Drivers/STM32F4xx_HAL_Driver/Src/stm32f4xx_hal_gpio.o
                0x08002fe8                HAL_GPIO_Init
 .text.HAL_GPIO_ReadPin
                0x080032f0       0x30 ./Drivers/STM32F4xx_HAL_Driver/Src/stm32f4xx_hal_gpio.o
                0x080032f0                HAL_GPIO_ReadPin
 .text.HAL_GPIO_WritePin
                0x08003320       0x32 ./Drivers/STM32F4xx_HAL_Driver/Src/stm32f4xx_hal_gpio.o
                0x08003320                HAL_GPIO_WritePin
 .text.HAL_GPIO_TogglePin
                0x08003352       0x34 ./Drivers/STM32F4xx_HAL_Driver/Src/stm32f4xx_hal_gpio.o
                0x08003352                HAL_GPIO_TogglePin
 .text.HAL_PCD_Init
                0x08003386      0x21e ./Drivers/STM32F4xx_HAL_Driver/Src/stm32f4xx_hal_pcd.o
                0x08003386                HAL_PCD_Init
 .text.HAL_PCD_Start
                0x080035a4       0x6a ./Drivers/STM32F4xx_HAL_Driver/Src/stm32f4xx_hal_pcd.o
                0x080035a4                HAL_PCD_Start
 .text.HAL_PCD_IRQHandler
                0x0800360e      0x942 ./Drivers/STM32F4xx_HAL_Driver/Src/stm32f4xx_hal_pcd.o
                0x0800360e                HAL_PCD_IRQHandler
 .text.HAL_PCD_SetAddress
                0x08003f50       0x48 ./Drivers/STM32F4xx_HAL_Driver/Src/stm32f4xx_hal_pcd.o
                0x08003f50                HAL_PCD_SetAddress
 .text.HAL_PCD_EP_Open
                0x08003f98       0xd4 ./Drivers/STM32F4xx_HAL_Driver/Src/stm32f4xx_hal_pcd.o
                0x08003f98                HAL_PCD_EP_Open
 .text.HAL_PCD_EP_Close
                0x0800406c       0x94 ./Drivers/STM32F4xx_HAL_Driver/Src/stm32f4xx_hal_pcd.o
                0x0800406c                HAL_PCD_EP_Close
 .text.HAL_PCD_EP_Receive
                0x08004100       0x76 ./Drivers/STM32F4xx_HAL_Driver/Src/stm32f4xx_hal_pcd.o
                0x08004100                HAL_PCD_EP_Receive
 .text.HAL_PCD_EP_Transmit
                0x08004176       0x74 ./Drivers/STM32F4xx_HAL_Driver/Src/stm32f4xx_hal_pcd.o
                0x08004176                HAL_PCD_EP_Transmit
 .text.HAL_PCD_EP_SetStall
                0x080041ea       0xc6 ./Drivers/STM32F4xx_HAL_Driver/Src/stm32f4xx_hal_pcd.o
                0x080041ea                HAL_PCD_EP_SetStall
 .text.HAL_PCD_EP_ClrStall
                0x080042b0       0xac ./Drivers/STM32F4xx_HAL_Driver/Src/stm32f4xx_hal_pcd.o
                0x080042b0                HAL_PCD_EP_ClrStall
 .text.HAL_PCD_EP_Abort
                0x0800435c       0x62 ./Drivers/STM32F4xx_HAL_Driver/Src/stm32f4xx_hal_pcd.o
                0x0800435c                HAL_PCD_EP_Abort
 .text.PCD_WriteEmptyTxFifo
                0x080043be      0x118 ./Drivers/STM32F4xx_HAL_Driver/Src/stm32f4xx_hal_pcd.o
 *fill*         0x080044d6        0x2 
 .text.PCD_EP_OutXfrComplete_int
                0x080044d8      0x1d0 ./Drivers/STM32F4xx_HAL_Driver/Src/stm32f4xx_hal_pcd.o
 .text.PCD_EP_OutSetupPacket_int
                0x080046a8       0x8c ./Drivers/STM32F4xx_HAL_Driver/Src/stm32f4xx_hal_pcd.o
 .text.HAL_PCDEx_SetTxFiFo
                0x08004734       0x8e ./Drivers/STM32F4xx_HAL_Driver/Src/stm32f4xx_hal_pcd_ex.o
                0x08004734                HAL_PCDEx_SetTxFiFo
 .text.HAL_PCDEx_SetRxFiFo
                0x080047c2       0x22 ./Drivers/STM32F4xx_HAL_Driver/Src/stm32f4xx_hal_pcd_ex.o
                0x080047c2                HAL_PCDEx_SetRxFiFo
 .text.HAL_PCDEx_LPM_Callback
                0x080047e4       0x18 ./Drivers/STM32F4xx_HAL_Driver/Src/stm32f4xx_hal_pcd_ex.o
                0x080047e4                HAL_PCDEx_LPM_Callback
 .text.HAL_RCC_OscConfig
                0x080047fc      0x4f0 ./Drivers/STM32F4xx_HAL_Driver/Src/stm32f4xx_hal_rcc.o
                0x080047fc                HAL_RCC_OscConfig
 .text.HAL_RCC_ClockConfig
                0x08004cec      0x1cc ./Drivers/STM32F4xx_HAL_Driver/Src/stm32f4xx_hal_rcc.o
                0x08004cec                HAL_RCC_ClockConfig
 .text.HAL_RCC_GetSysClockFreq
                0x08004eb8      0x188 ./Drivers/STM32F4xx_HAL_Driver/Src/stm32f4xx_hal_rcc.o
                0x08004eb8                HAL_RCC_GetSysClockFreq
 .text.HAL_RCC_GetHCLKFreq
                0x08005040       0x18 ./Drivers/STM32F4xx_HAL_Driver/Src/stm32f4xx_hal_rcc.o
                0x08005040                HAL_RCC_GetHCLKFreq
 .text.USB_CoreInit
                0x08005058       0xc8 ./Drivers/STM32F4xx_HAL_Driver/Src/stm32f4xx_ll_usb.o
                0x08005058                USB_CoreInit
 .text.USB_SetTurnaroundTime
                0x08005120      0x144 ./Drivers/STM32F4xx_HAL_Driver/Src/stm32f4xx_ll_usb.o
                0x08005120                USB_SetTurnaroundTime
 .text.USB_EnableGlobalInt
                0x08005264       0x22 ./Drivers/STM32F4xx_HAL_Driver/Src/stm32f4xx_ll_usb.o
                0x08005264                USB_EnableGlobalInt
 .text.USB_DisableGlobalInt
                0x08005286       0x22 ./Drivers/STM32F4xx_HAL_Driver/Src/stm32f4xx_ll_usb.o
                0x08005286                USB_DisableGlobalInt
 .text.USB_SetCurrentMode
                0x080052a8       0x98 ./Drivers/STM32F4xx_HAL_Driver/Src/stm32f4xx_ll_usb.o
                0x080052a8                USB_SetCurrentMode
 .text.USB_DevInit
                0x08005340      0x2c8 ./Drivers/STM32F4xx_HAL_Driver/Src/stm32f4xx_ll_usb.o
                0x08005340                USB_DevInit
 .text.USB_FlushTxFifo
                0x08005608       0x64 ./Drivers/STM32F4xx_HAL_Driver/Src/stm32f4xx_ll_usb.o
                0x08005608                USB_FlushTxFifo
 .text.USB_FlushRxFifo
                0x0800566c       0x5c ./Drivers/STM32F4xx_HAL_Driver/Src/stm32f4xx_ll_usb.o
                0x0800566c                USB_FlushRxFifo
 .text.USB_SetDevSpeed
                0x080056c8       0x32 ./Drivers/STM32F4xx_HAL_Driver/Src/stm32f4xx_ll_usb.o
                0x080056c8                USB_SetDevSpeed
 .text.USB_GetDevSpeed
                0x080056fa       0x4a ./Drivers/STM32F4xx_HAL_Driver/Src/stm32f4xx_ll_usb.o
                0x080056fa                USB_GetDevSpeed
 .text.USB_ActivateEndpoint
                0x08005744      0x10e ./Drivers/STM32F4xx_HAL_Driver/Src/stm32f4xx_ll_usb.o
                0x08005744                USB_ActivateEndpoint
 *fill*         0x08005852        0x2 
 .text.USB_DeactivateEndpoint
                0x08005854      0x1b8 ./Drivers/STM32F4xx_HAL_Driver/Src/stm32f4xx_ll_usb.o
                0x08005854                USB_DeactivateEndpoint
 .text.USB_EPStartXfer
                0x08005a0c      0x53c ./Drivers/STM32F4xx_HAL_Driver/Src/stm32f4xx_ll_usb.o
                0x08005a0c                USB_EPStartXfer
 .text.USB_EPStopXfer
                0x08005f48      0x154 ./Drivers/STM32F4xx_HAL_Driver/Src/stm32f4xx_ll_usb.o
                0x08005f48                USB_EPStopXfer
 .text.USB_WritePacket
                0x0800609c       0x7c ./Drivers/STM32F4xx_HAL_Driver/Src/stm32f4xx_ll_usb.o
                0x0800609c                USB_WritePacket
 .text.USB_ReadPacket
                0x08006118       0xb0 ./Drivers/STM32F4xx_HAL_Driver/Src/stm32f4xx_ll_usb.o
                0x08006118                USB_ReadPacket
 .text.USB_EPSetStall
                0x080061c8       0xdc ./Drivers/STM32F4xx_HAL_Driver/Src/stm32f4xx_ll_usb.o
                0x080061c8                USB_EPSetStall
 .text.USB_EPClearStall
                0x080062a4       0xcc ./Drivers/STM32F4xx_HAL_Driver/Src/stm32f4xx_ll_usb.o
                0x080062a4                USB_EPClearStall
 .text.USB_SetDevAddress
                0x08006370       0x4c ./Drivers/STM32F4xx_HAL_Driver/Src/stm32f4xx_ll_usb.o
                0x08006370                USB_SetDevAddress
 .text.USB_DevConnect
                0x080063bc       0x42 ./Drivers/STM32F4xx_HAL_Driver/Src/stm32f4xx_ll_usb.o
                0x080063bc                USB_DevConnect
 .text.USB_DevDisconnect
                0x080063fe       0x42 ./Drivers/STM32F4xx_HAL_Driver/Src/stm32f4xx_ll_usb.o
                0x080063fe                USB_DevDisconnect
 .text.USB_ReadInterrupts
                0x08006440       0x26 ./Drivers/STM32F4xx_HAL_Driver/Src/stm32f4xx_ll_usb.o
                0x08006440                USB_ReadInterrupts
 .text.USB_ReadDevAllOutEpInterrupt
                0x08006466       0x34 ./Drivers/STM32F4xx_HAL_Driver/Src/stm32f4xx_ll_usb.o
                0x08006466                USB_ReadDevAllOutEpInterrupt
 .text.USB_ReadDevAllInEpInterrupt
                0x0800649a       0x34 ./Drivers/STM32F4xx_HAL_Driver/Src/stm32f4xx_ll_usb.o
                0x0800649a                USB_ReadDevAllInEpInterrupt
 .text.USB_ReadDevOutEPInterrupt
                0x080064ce       0x3c ./Drivers/STM32F4xx_HAL_Driver/Src/stm32f4xx_ll_usb.o
                0x080064ce                USB_ReadDevOutEPInterrupt
 .text.USB_ReadDevInEPInterrupt
                0x0800650a       0x5c ./Drivers/STM32F4xx_HAL_Driver/Src/stm32f4xx_ll_usb.o
                0x0800650a                USB_ReadDevInEPInterrupt
 .text.USB_GetMode
                0x08006566       0x1c ./Drivers/STM32F4xx_HAL_Driver/Src/stm32f4xx_ll_usb.o
                0x08006566                USB_GetMode
 .text.USB_ActivateSetup
                0x08006582       0x46 ./Drivers/STM32F4xx_HAL_Driver/Src/stm32f4xx_ll_usb.o
                0x08006582                USB_ActivateSetup
 .text.USB_EP0_OutStart
                0x080065c8       0xbc ./Drivers/STM32F4xx_HAL_Driver/Src/stm32f4xx_ll_usb.o
                0x080065c8                USB_EP0_OutStart
 .text.USB_CoreReset
                0x08006684       0x70 ./Drivers/STM32F4xx_HAL_Driver/Src/stm32f4xx_ll_usb.o
 .text.USBD_HID_Init
                0x080066f4       0xcc ./Middlewares/ST/STM32_USB_Device_Library/Class/HID/Src/usbd_hid.o
 .text.USBD_HID_DeInit
                0x080067c0       0x90 ./Middlewares/ST/STM32_USB_Device_Library/Class/HID/Src/usbd_hid.o
 .text.USBD_HID_Setup
                0x08006850      0x210 ./Middlewares/ST/STM32_USB_Device_Library/Class/HID/Src/usbd_hid.o
 .text.USBD_HID_SendReport
                0x08006a60       0x60 ./Middlewares/ST/STM32_USB_Device_Library/Class/HID/Src/usbd_hid.o
                0x08006a60                USBD_HID_SendReport
 .text.USBD_HID_GetFSCfgDesc
                0x08006ac0       0x34 ./Middlewares/ST/STM32_USB_Device_Library/Class/HID/Src/usbd_hid.o
 .text.USBD_HID_GetHSCfgDesc
                0x08006af4       0x34 ./Middlewares/ST/STM32_USB_Device_Library/Class/HID/Src/usbd_hid.o
 .text.USBD_HID_GetOtherSpeedCfgDesc
                0x08006b28       0x34 ./Middlewares/ST/STM32_USB_Device_Library/Class/HID/Src/usbd_hid.o
 .text.USBD_HID_DataIn
                0x08006b5c       0x2c ./Middlewares/ST/STM32_USB_Device_Library/Class/HID/Src/usbd_hid.o
 .text.USBD_HID_GetDeviceQualifierDesc
                0x08006b88       0x20 ./Middlewares/ST/STM32_USB_Device_Library/Class/HID/Src/usbd_hid.o
 .text.USBD_Init
                0x08006ba8       0x60 ./Middlewares/ST/STM32_USB_Device_Library/Core/Src/usbd_core.o
                0x08006ba8                USBD_Init
 .text.USBD_RegisterClass
                0x08006c08       0x6c ./Middlewares/ST/STM32_USB_Device_Library/Core/Src/usbd_core.o
                0x08006c08                USBD_RegisterClass
 .text.USBD_Start
                0x08006c74       0x18 ./Middlewares/ST/STM32_USB_Device_Library/Core/Src/usbd_core.o
                0x08006c74                USBD_Start
 .text.USBD_RunTestMode
                0x08006c8c       0x16 ./Middlewares/ST/STM32_USB_Device_Library/Core/Src/usbd_core.o
                0x08006c8c                USBD_RunTestMode
 .text.USBD_SetClassConfig
                0x08006ca2       0x38 ./Middlewares/ST/STM32_USB_Device_Library/Core/Src/usbd_core.o
                0x08006ca2                USBD_SetClassConfig
 .text.USBD_ClrClassConfig
                0x08006cda       0x34 ./Middlewares/ST/STM32_USB_Device_Library/Core/Src/usbd_core.o
                0x08006cda                USBD_ClrClassConfig
 .text.USBD_LL_SetupStage
                0x08006d0e       0xaa ./Middlewares/ST/STM32_USB_Device_Library/Core/Src/usbd_core.o
                0x08006d0e                USBD_LL_SetupStage
 .text.USBD_LL_DataOutStage
                0x08006db8      0x178 ./Middlewares/ST/STM32_USB_Device_Library/Core/Src/usbd_core.o
                0x08006db8                USBD_LL_DataOutStage
 .text.USBD_LL_DataInStage
                0x08006f30      0x176 ./Middlewares/ST/STM32_USB_Device_Library/Core/Src/usbd_core.o
                0x08006f30                USBD_LL_DataInStage
 .text.USBD_LL_Reset
                0x080070a6       0xa6 ./Middlewares/ST/STM32_USB_Device_Library/Core/Src/usbd_core.o
                0x080070a6                USBD_LL_Reset
 .text.USBD_LL_SetSpeed
                0x0800714c       0x20 ./Middlewares/ST/STM32_USB_Device_Library/Core/Src/usbd_core.o
                0x0800714c                USBD_LL_SetSpeed
 .text.USBD_LL_Suspend
                0x0800716c       0x38 ./Middlewares/ST/STM32_USB_Device_Library/Core/Src/usbd_core.o
                0x0800716c                USBD_LL_Suspend
 .text.USBD_LL_Resume
                0x080071a4       0x30 ./Middlewares/ST/STM32_USB_Device_Library/Core/Src/usbd_core.o
                0x080071a4                USBD_LL_Resume
 .text.USBD_LL_SOF
                0x080071d4       0x40 ./Middlewares/ST/STM32_USB_Device_Library/Core/Src/usbd_core.o
                0x080071d4                USBD_LL_SOF
 .text.USBD_LL_IsoINIncomplete
                0x08007214       0x64 ./Middlewares/ST/STM32_USB_Device_Library/Core/Src/usbd_core.o
                0x08007214                USBD_LL_IsoINIncomplete
 .text.USBD_LL_IsoOUTIncomplete
                0x08007278       0x64 ./Middlewares/ST/STM32_USB_Device_Library/Core/Src/usbd_core.o
                0x08007278                USBD_LL_IsoOUTIncomplete
 .text.USBD_LL_DevConnected
                0x080072dc       0x16 ./Middlewares/ST/STM32_USB_Device_Library/Core/Src/usbd_core.o
                0x080072dc                USBD_LL_DevConnected
 .text.USBD_LL_DevDisconnected
                0x080072f2       0x46 ./Middlewares/ST/STM32_USB_Device_Library/Core/Src/usbd_core.o
                0x080072f2                USBD_LL_DevDisconnected
 .text.USBD_CoreFindIF
                0x08007338       0x1a ./Middlewares/ST/STM32_USB_Device_Library/Core/Src/usbd_core.o
                0x08007338                USBD_CoreFindIF
 .text.USBD_CoreFindEP
                0x08007352       0x1a ./Middlewares/ST/STM32_USB_Device_Library/Core/Src/usbd_core.o
                0x08007352                USBD_CoreFindEP
 .text.USBD_GetEpDesc
                0x0800736c       0x70 ./Middlewares/ST/STM32_USB_Device_Library/Core/Src/usbd_core.o
                0x0800736c                USBD_GetEpDesc
 .text.USBD_GetNextDesc
                0x080073dc       0x38 ./Middlewares/ST/STM32_USB_Device_Library/Core/Src/usbd_core.o
                0x080073dc                USBD_GetNextDesc
 .text.SWAPBYTE
                0x08007414       0x3e ./Middlewares/ST/STM32_USB_Device_Library/Core/Src/usbd_ctlreq.o
 *fill*         0x08007452        0x2 
 .text.USBD_StdDevReq
                0x08007454       0xe4 ./Middlewares/ST/STM32_USB_Device_Library/Core/Src/usbd_ctlreq.o
                0x08007454                USBD_StdDevReq
 .text.USBD_StdItfReq
                0x08007538       0xd8 ./Middlewares/ST/STM32_USB_Device_Library/Core/Src/usbd_ctlreq.o
                0x08007538                USBD_StdItfReq
 .text.USBD_StdEPReq
                0x08007610      0x33e ./Middlewares/ST/STM32_USB_Device_Library/Core/Src/usbd_ctlreq.o
                0x08007610                USBD_StdEPReq
 *fill*         0x0800794e        0x2 
 .text.USBD_GetDescriptor
                0x08007950      0x2d4 ./Middlewares/ST/STM32_USB_Device_Library/Core/Src/usbd_ctlreq.o
 .text.USBD_SetAddress
                0x08007c24       0x88 ./Middlewares/ST/STM32_USB_Device_Library/Core/Src/usbd_ctlreq.o
 .text.USBD_SetConfig
                0x08007cac      0x154 ./Middlewares/ST/STM32_USB_Device_Library/Core/Src/usbd_ctlreq.o
 .text.USBD_GetConfig
                0x08007e00       0x6c ./Middlewares/ST/STM32_USB_Device_Library/Core/Src/usbd_ctlreq.o
 .text.USBD_GetStatus
                0x08007e6c       0x68 ./Middlewares/ST/STM32_USB_Device_Library/Core/Src/usbd_ctlreq.o
 .text.USBD_SetFeature
                0x08007ed4       0x52 ./Middlewares/ST/STM32_USB_Device_Library/Core/Src/usbd_ctlreq.o
 .text.USBD_ClrFeature
                0x08007f26       0x44 ./Middlewares/ST/STM32_USB_Device_Library/Core/Src/usbd_ctlreq.o
 .text.USBD_ParseSetupRequest
                0x08007f6a       0x74 ./Middlewares/ST/STM32_USB_Device_Library/Core/Src/usbd_ctlreq.o
                0x08007f6a                USBD_ParseSetupRequest
 .text.USBD_CtlError
                0x08007fde       0x22 ./Middlewares/ST/STM32_USB_Device_Library/Core/Src/usbd_ctlreq.o
                0x08007fde                USBD_CtlError
 .text.USBD_GetString
                0x08008000       0xa4 ./Middlewares/ST/STM32_USB_Device_Library/Core/Src/usbd_ctlreq.o
                0x08008000                USBD_GetString
 .text.USBD_GetLen
                0x080080a4       0x34 ./Middlewares/ST/STM32_USB_Device_Library/Core/Src/usbd_ctlreq.o
 .text.USBD_CtlSendData
                0x080080d8       0x3c ./Middlewares/ST/STM32_USB_Device_Library/Core/Src/usbd_ioreq.o
                0x080080d8                USBD_CtlSendData
 .text.USBD_CtlContinueSendData
                0x08008114       0x22 ./Middlewares/ST/STM32_USB_Device_Library/Core/Src/usbd_ioreq.o
                0x08008114                USBD_CtlContinueSendData
 .text.USBD_CtlContinueRx
                0x08008136       0x22 ./Middlewares/ST/STM32_USB_Device_Library/Core/Src/usbd_ioreq.o
                0x08008136                USBD_CtlContinueRx
 .text.USBD_CtlSendStatus
                0x08008158       0x26 ./Middlewares/ST/STM32_USB_Device_Library/Core/Src/usbd_ioreq.o
                0x08008158                USBD_CtlSendStatus
 .text.USBD_CtlReceiveStatus
                0x0800817e       0x26 ./Middlewares/ST/STM32_USB_Device_Library/Core/Src/usbd_ioreq.o
                0x0800817e                USBD_CtlReceiveStatus
 .text.MX_USB_DEVICE_Init
                0x080081a4       0x4c ./USB_DEVICE/App/usb_device.o
                0x080081a4                MX_USB_DEVICE_Init
 .text.USBD_FS_DeviceDescriptor
                0x080081f0       0x24 ./USB_DEVICE/App/usbd_desc.o
                0x080081f0                USBD_FS_DeviceDescriptor
 .text.USBD_FS_LangIDStrDescriptor
                0x08008214       0x24 ./USB_DEVICE/App/usbd_desc.o
                0x08008214                USBD_FS_LangIDStrDescriptor
 .text.USBD_FS_ProductStrDescriptor
                0x08008238       0x3c ./USB_DEVICE/App/usbd_desc.o
                0x08008238                USBD_FS_ProductStrDescriptor
 .text.USBD_FS_ManufacturerStrDescriptor
                0x08008274       0x28 ./USB_DEVICE/App/usbd_desc.o
                0x08008274                USBD_FS_ManufacturerStrDescriptor
 .text.USBD_FS_SerialStrDescriptor
                0x0800829c       0x24 ./USB_DEVICE/App/usbd_desc.o
                0x0800829c                USBD_FS_SerialStrDescriptor
 .text.USBD_FS_ConfigStrDescriptor
                0x080082c0       0x3c ./USB_DEVICE/App/usbd_desc.o
                0x080082c0                USBD_FS_ConfigStrDescriptor
 .text.USBD_FS_InterfaceStrDescriptor
                0x080082fc       0x3c ./USB_DEVICE/App/usbd_desc.o
                0x080082fc                USBD_FS_InterfaceStrDescriptor
 .text.Get_SerialNum
                0x08008338       0x58 ./USB_DEVICE/App/usbd_desc.o
 .text.IntToUnicode
                0x08008390       0x7e ./USB_DEVICE/App/usbd_desc.o
 *fill*         0x0800840e        0x2 
 .text.HAL_PCD_MspInit
                0x08008410       0xa8 ./USB_DEVICE/Target/usbd_conf.o
                0x08008410                HAL_PCD_MspInit
 .text.HAL_PCD_SetupStageCallback
                0x080084b8       0x24 ./USB_DEVICE/Target/usbd_conf.o
                0x080084b8                HAL_PCD_SetupStageCallback
 .text.HAL_PCD_DataOutStageCallback
                0x080084dc       0x36 ./USB_DEVICE/Target/usbd_conf.o
                0x080084dc                HAL_PCD_DataOutStageCallback
 .text.HAL_PCD_DataInStageCallback
                0x08008512       0x34 ./USB_DEVICE/Target/usbd_conf.o
                0x08008512                HAL_PCD_DataInStageCallback
 .text.HAL_PCD_SOFCallback
                0x08008546       0x1c ./USB_DEVICE/Target/usbd_conf.o
                0x08008546                HAL_PCD_SOFCallback
 .text.HAL_PCD_ResetCallback
                0x08008562       0x3c ./USB_DEVICE/Target/usbd_conf.o
                0x08008562                HAL_PCD_ResetCallback
 *fill*         0x0800859e        0x2 
 .text.HAL_PCD_SuspendCallback
                0x080085a0       0x4c ./USB_DEVICE/Target/usbd_conf.o
                0x080085a0                HAL_PCD_SuspendCallback
 .text.HAL_PCD_ResumeCallback
                0x080085ec       0x1c ./USB_DEVICE/Target/usbd_conf.o
                0x080085ec                HAL_PCD_ResumeCallback
 .text.HAL_PCD_ISOOUTIncompleteCallback
                0x08008608       0x24 ./USB_DEVICE/Target/usbd_conf.o
                0x08008608                HAL_PCD_ISOOUTIncompleteCallback
 .text.HAL_PCD_ISOINIncompleteCallback
                0x0800862c       0x24 ./USB_DEVICE/Target/usbd_conf.o
                0x0800862c                HAL_PCD_ISOINIncompleteCallback
 .text.HAL_PCD_ConnectCallback
                0x08008650       0x1c ./USB_DEVICE/Target/usbd_conf.o
                0x08008650                HAL_PCD_ConnectCallback
 .text.HAL_PCD_DisconnectCallback
                0x0800866c       0x1c ./USB_DEVICE/Target/usbd_conf.o
                0x0800866c                HAL_PCD_DisconnectCallback
 .text.USBD_LL_Init
                0x08008688       0x98 ./USB_DEVICE/Target/usbd_conf.o
                0x08008688                USBD_LL_Init
 .text.USBD_LL_Start
                0x08008720       0x36 ./USB_DEVICE/Target/usbd_conf.o
                0x08008720                USBD_LL_Start
 .text.USBD_LL_OpenEP
                0x08008756       0x4c ./USB_DEVICE/Target/usbd_conf.o
                0x08008756                USBD_LL_OpenEP
 .text.USBD_LL_CloseEP
                0x080087a2       0x3e ./USB_DEVICE/Target/usbd_conf.o
                0x080087a2                USBD_LL_CloseEP
 .text.USBD_LL_StallEP
                0x080087e0       0x3e ./USB_DEVICE/Target/usbd_conf.o
                0x080087e0                USBD_LL_StallEP
 .text.USBD_LL_ClearStallEP
                0x0800881e       0x3e ./USB_DEVICE/Target/usbd_conf.o
                0x0800881e                USBD_LL_ClearStallEP
 .text.USBD_LL_IsStallEP
                0x0800885c       0x58 ./USB_DEVICE/Target/usbd_conf.o
                0x0800885c                USBD_LL_IsStallEP
 .text.USBD_LL_SetUSBAddress
                0x080088b4       0x3e ./USB_DEVICE/Target/usbd_conf.o
                0x080088b4                USBD_LL_SetUSBAddress
 .text.USBD_LL_Transmit
                0x080088f2       0x42 ./USB_DEVICE/Target/usbd_conf.o
                0x080088f2                USBD_LL_Transmit
 .text.USBD_LL_PrepareReceive
                0x08008934       0x42 ./USB_DEVICE/Target/usbd_conf.o
                0x08008934                USBD_LL_PrepareReceive
 *fill*         0x08008976        0x2 
 .text.USBD_static_malloc
                0x08008978       0x1c ./USB_DEVICE/Target/usbd_conf.o
                0x08008978                USBD_static_malloc
 .text.USBD_static_free
                0x08008994       0x14 ./USB_DEVICE/Target/usbd_conf.o
                0x08008994                USBD_static_free
 .text.USBD_Get_USB_Status
                0x080089a8       0x58 ./USB_DEVICE/Target/usbd_conf.o
                0x080089a8                USBD_Get_USB_Status
 .text.memcmp   0x08008a00       0x20 D:/Big_Softwares/STM32CubeIDE_2.1.1/STM32CubeIDE/plugins/com.st.stm32cube.ide.mcu.externaltools.gnu-tools-for-stm32.14.3.rel1.win32_1.0.100.202602081740/tools/bin/../lib/gcc/arm-none-eabi/14.3.1/../../../../arm-none-eabi/lib/thumb/v7e-m+fp/hard\libc_nano.a(libc_a-memcmp.o)
                0x08008a00                memcmp
 .text.memset   0x08008a20       0x10 D:/Big_Softwares/STM32CubeIDE_2.1.1/STM32CubeIDE/plugins/com.st.stm32cube.ide.mcu.externaltools.gnu-tools-for-stm32.14.3.rel1.win32_1.0.100.202602081740/tools/bin/../lib/gcc/arm-none-eabi/14.3.1/../../../../arm-none-eabi/lib/thumb/v7e-m+fp/hard\libc_nano.a(libc_a-memset.o)
                0x08008a20                memset
 .text.strncpy  0x08008a30       0x26 D:/Big_Softwares/STM32CubeIDE_2.1.1/STM32CubeIDE/plugins/com.st.stm32cube.ide.mcu.externaltools.gnu-tools-for-stm32.14.3.rel1.win32_1.0.100.202602081740/tools/bin/../lib/gcc/arm-none-eabi/14.3.1/../../../../arm-none-eabi/lib/thumb/v7e-m+fp/hard\libc_nano.a(libc_a-strncpy.o)
                0x08008a30                strncpy
 *fill*         0x08008a56        0x2 
 .text.__libc_init_array
                0x08008a58       0x48 D:/Big_Softwares/STM32CubeIDE_2.1.1/STM32CubeIDE/plugins/com.st.stm32cube.ide.mcu.externaltools.gnu-tools-for-stm32.14.3.rel1.win32_1.0.100.202602081740/tools/bin/../lib/gcc/arm-none-eabi/14.3.1/../../../../arm-none-eabi/lib/thumb/v7e-m+fp/hard\libc_nano.a(libc_a-init.o)
                0x08008a58                __libc_init_array
 .text.memcpy   0x08008aa0       0x1c D:/Big_Softwares/STM32CubeIDE_2.1.1/STM32CubeIDE/plugins/com.st.stm32cube.ide.mcu.externaltools.gnu-tools-for-stm32.14.3.rel1.win32_1.0.100.202602081740/tools/bin/../lib/gcc/arm-none-eabi/14.3.1/../../../../arm-none-eabi/lib/thumb/v7e-m+fp/hard\libc_nano.a(libc_a-memcpy-stub.o)
                0x08008aa0                memcpy
 *(.glue_7)
 .glue_7        0x08008abc        0x0 linker stubs
 *(.glue_7t)
 .glue_7t       0x08008abc        0x0 linker stubs
 *(.eh_frame)
 .eh_frame      0x08008abc        0x0 D:/Big_Softwares/STM32CubeIDE_2.1.1/STM32CubeIDE/plugins/com.st.stm32cube.ide.mcu.externaltools.gnu-tools-for-stm32.14.3.rel1.win32_1.0.100.202602081740/tools/bin/../lib/gcc/arm-none-eabi/14.3.1/thumb/v7e-m+fp/hard/crtbegin.o
 *(.init)
 .init          0x08008abc        0x4 D:/Big_Softwares/STM32CubeIDE_2.1.1/STM32CubeIDE/plugins/com.st.stm32cube.ide.mcu.externaltools.gnu-tools-for-stm32.14.3.rel1.win32_1.0.100.202602081740/tools/bin/../lib/gcc/arm-none-eabi/14.3.1/thumb/v7e-m+fp/hard/crti.o
                0x08008abc                _init
 .init          0x08008ac0        0x8 D:/Big_Softwares/STM32CubeIDE_2.1.1/STM32CubeIDE/plugins/com.st.stm32cube.ide.mcu.externaltools.gnu-tools-for-stm32.14.3.rel1.win32_1.0.100.202602081740/tools/bin/../lib/gcc/arm-none-eabi/14.3.1/thumb/v7e-m+fp/hard/crtn.o
 *(.fini)
 .fini          0x08008ac8        0x4 D:/Big_Softwares/STM32CubeIDE_2.1.1/STM32CubeIDE/plugins/com.st.stm32cube.ide.mcu.externaltools.gnu-tools-for-stm32.14.3.rel1.win32_1.0.100.202602081740/tools/bin/../lib/gcc/arm-none-eabi/14.3.1/thumb/v7e-m+fp/hard/crti.o
                0x08008ac8                _fini
 .fini          0x08008acc        0x8 D:/Big_Softwares/STM32CubeIDE_2.1.1/STM32CubeIDE/plugins/com.st.stm32cube.ide.mcu.externaltools.gnu-tools-for-stm32.14.3.rel1.win32_1.0.100.202602081740/tools/bin/../lib/gcc/arm-none-eabi/14.3.1/thumb/v7e-m+fp/hard/crtn.o
                0x08008ad4                        . = ALIGN (0x4)
                0x08008ad4                        _etext = .

.vfp11_veneer   0x08008ad4        0x0
 .vfp11_veneer  0x08008ad4        0x0 linker stubs

.v4_bx          0x08008ad4        0x0
 .v4_bx         0x08008ad4        0x0 linker stubs

.iplt           0x08008ad4        0x0
 .iplt          0x08008ad4        0x0 D:/Big_Softwares/STM32CubeIDE_2.1.1/STM32CubeIDE/plugins/com.st.stm32cube.ide.mcu.externaltools.gnu-tools-for-stm32.14.3.rel1.win32_1.0.100.202602081740/tools/bin/../lib/gcc/arm-none-eabi/14.3.1/thumb/v7e-m+fp/hard/crtbegin.o

.rodata         0x08008ad4      0x468
                0x08008ad4                        . = ALIGN (0x4)
 *(.rodata)
 .rodata        0x08008ad4       0x95 ./Core/Src/main.o
 *fill*         0x08008b69        0x3 
 .rodata        0x08008b6c        0xb ./Core/Src/pass_storage.o
 *fill*         0x08008b77        0x1 
 .rodata        0x08008b78       0x46 ./USB_DEVICE/App/usbd_desc.o
 *(.rodata*)
 *fill*         0x08008bbe        0x2 
 .rodata.sbox   0x08008bc0      0x100 ./Core/Src/aes.o
 .rodata.rsbox  0x08008cc0      0x100 ./Core/Src/aes.o
 .rodata.Rcon   0x08008dc0        0xb ./Core/Src/aes.o
 *fill*         0x08008dcb        0x1 
 .rodata.character_set.0
                0x08008dcc       0x4d ./Core/Src/entropy_gen.o
 *fill*         0x08008e19        0x3 
 .rodata.ascii_to_hid
                0x08008e1c      0x100 ./Core/Src/main.o
 .rodata.MASTER_KEY
                0x08008f1c       0x10 ./Core/Src/security_vault.o
 .rodata.AHBPrescTable
                0x08008f2c       0x10 ./Core/Src/system_stm32f4xx.o
                0x08008f2c                AHBPrescTable
                0x08008f3c                        . = ALIGN (0x4)

.ARM.extab      0x08008f3c        0x0
                0x08008f3c                        . = ALIGN (0x4)
 *(.ARM.extab* .gnu.linkonce.armextab.*)
                0x08008f3c                        . = ALIGN (0x4)

.ARM            0x08008f3c        0x8
                0x08008f3c                        . = ALIGN (0x4)
                0x08008f3c                        __exidx_start = .
 *(.ARM.exidx*)
 .ARM.exidx     0x08008f3c        0x8 D:/Big_Softwares/STM32CubeIDE_2.1.1/STM32CubeIDE/plugins/com.st.stm32cube.ide.mcu.externaltools.gnu-tools-for-stm32.14.3.rel1.win32_1.0.100.202602081740/tools/bin/../lib/gcc/arm-none-eabi/14.3.1/thumb/v7e-m+fp/hard\libgcc.a(_udivmoddi4.o)
                0x08008f44                        __exidx_end = .
                0x08008f44                        . = ALIGN (0x4)

.preinit_array  0x08008f44        0x0
                0x08008f44                        . = ALIGN (0x4)
                0x08008f44                        PROVIDE (__preinit_array_start = .)
 *(.preinit_array*)
                0x08008f44                        PROVIDE (__preinit_array_end = .)
                0x08008f44                        . = ALIGN (0x4)

.init_array     0x08008f44        0x4
                0x08008f44                        . = ALIGN (0x4)
                0x08008f44                        PROVIDE (__init_array_start = .)
 *(SORT_BY_NAME(.init_array.*))
 *(.init_array*)
 .init_array    0x08008f44        0x4 D:/Big_Softwares/STM32CubeIDE_2.1.1/STM32CubeIDE/plugins/com.st.stm32cube.ide.mcu.externaltools.gnu-tools-for-stm32.14.3.rel1.win32_1.0.100.202602081740/tools/bin/../lib/gcc/arm-none-eabi/14.3.1/thumb/v7e-m+fp/hard/crtbegin.o
                0x08008f48                        PROVIDE (__init_array_end = .)
                0x08008f48                        . = ALIGN (0x4)

.fini_array     0x08008f48        0x4
                0x08008f48                        . = ALIGN (0x4)
                [!provide]                        PROVIDE (__fini_array_start = .)
 *(SORT_BY_NAME(.fini_array.*))
 *(.fini_array*)
 .fini_array    0x08008f48        0x4 D:/Big_Softwares/STM32CubeIDE_2.1.1/STM32CubeIDE/plugins/com.st.stm32cube.ide.mcu.externaltools.gnu-tools-for-stm32.14.3.rel1.win32_1.0.100.202602081740/tools/bin/../lib/gcc/arm-none-eabi/14.3.1/thumb/v7e-m+fp/hard/crtbegin.o
                [!provide]                        PROVIDE (__fini_array_end = .)
                0x08008f4c                        . = ALIGN (0x4)
                0x08008f4c                        _sidata = LOADADDR (.data)

.rel.dyn        0x08008f4c        0x0
 .rel.iplt      0x08008f4c        0x0 D:/Big_Softwares/STM32CubeIDE_2.1.1/STM32CubeIDE/plugins/com.st.stm32cube.ide.mcu.externaltools.gnu-tools-for-stm32.14.3.rel1.win32_1.0.100.202602081740/tools/bin/../lib/gcc/arm-none-eabi/14.3.1/thumb/v7e-m+fp/hard/crtbegin.o

.data           0x20000000      0x130 load address 0x08008f4c
                0x20000000                        . = ALIGN (0x4)
                0x20000000                        _sdata = .
 *(.data)
 *(.data*)
 .data.SystemCoreClock
                0x20000000        0x4 ./Core/Src/system_stm32f4xx.o
                0x20000000                SystemCoreClock
 .data.uwTickPrio
                0x20000004        0x4 ./Drivers/STM32F4xx_HAL_Driver/Src/stm32f4xx_hal.o
                0x20000004                uwTickPrio
 .data.uwTickFreq
                0x20000008        0x1 ./Drivers/STM32F4xx_HAL_Driver/Src/stm32f4xx_hal.o
                0x20000008                uwTickFreq
 *fill*         0x20000009        0x3 
 .data.pFlash   0x2000000c       0x20 ./Drivers/STM32F4xx_HAL_Driver/Src/stm32f4xx_hal_flash.o
                0x2000000c                pFlash
 .data.USBD_HID
                0x2000002c       0x38 ./Middlewares/ST/STM32_USB_Device_Library/Class/HID/Src/usbd_hid.o
                0x2000002c                USBD_HID
 .data.USBD_HID_CfgDesc
                0x20000064       0x22 ./Middlewares/ST/STM32_USB_Device_Library/Class/HID/Src/usbd_hid.o
 *fill*         0x20000086        0x2 
 .data.USBD_HID_Desc
                0x20000088        0x9 ./Middlewares/ST/STM32_USB_Device_Library/Class/HID/Src/usbd_hid.o
 *fill*         0x20000091        0x3 
 .data.USBD_HID_DeviceQualifierDesc
                0x20000094        0xa ./Middlewares/ST/STM32_USB_Device_Library/Class/HID/Src/usbd_hid.o
 *fill*         0x2000009e        0x2 
 .data.HID_MOUSE_ReportDesc
                0x200000a0       0x3f ./Middlewares/ST/STM32_USB_Device_Library/Class/HID/Src/usbd_hid.o
 .data.HIDInEpAdd
                0x200000df        0x1 ./Middlewares/ST/STM32_USB_Device_Library/Class/HID/Src/usbd_hid.o
 .data.FS_Desc  0x200000e0       0x1c ./USB_DEVICE/App/usbd_desc.o
                0x200000e0                FS_Desc
 .data.USBD_FS_DeviceDesc
                0x200000fc       0x12 ./USB_DEVICE/App/usbd_desc.o
                0x200000fc                USBD_FS_DeviceDesc
 *fill*         0x2000010e        0x2 
 .data.USBD_LangIDDesc
                0x20000110        0x4 ./USB_DEVICE/App/usbd_desc.o
                0x20000110                USBD_LangIDDesc
 .data.USBD_StringSerial
                0x20000114       0x1a ./USB_DEVICE/App/usbd_desc.o
                0x20000114                USBD_StringSerial
 *(.RamFunc)
 *(.RamFunc*)
                0x20000130                        . = ALIGN (0x4)
 *fill*         0x2000012e        0x2 
                0x20000130                        _edata = .

.igot.plt       0x20000130        0x0 load address 0x0800907c
 .igot.plt      0x20000130        0x0 D:/Big_Softwares/STM32CubeIDE_2.1.1/STM32CubeIDE/plugins/com.st.stm32cube.ide.mcu.externaltools.gnu-tools-for-stm32.14.3.rel1.win32_1.0.100.202602081740/tools/bin/../lib/gcc/arm-none-eabi/14.3.1/thumb/v7e-m+fp/hard/crtbegin.o
                0x20000130                        . = ALIGN (0x4)

.bss            0x20000130      0xcd0 load address 0x0800907c
                0x20000130                        _sbss = .
                0x20000130                        __bss_start__ = _sbss
 *(.bss)
 .bss           0x20000130       0x1c D:/Big_Softwares/STM32CubeIDE_2.1.1/STM32CubeIDE/plugins/com.st.stm32cube.ide.mcu.externaltools.gnu-tools-for-stm32.14.3.rel1.win32_1.0.100.202602081740/tools/bin/../lib/gcc/arm-none-eabi/14.3.1/thumb/v7e-m+fp/hard/crtbegin.o
 *(.bss*)
 .bss.local_hadc
                0x2000014c        0x4 ./Core/Src/entropy_gen.o
 .bss.hadc1     0x20000150       0x48 ./Core/Src/main.o
                0x20000150                hadc1
 .bss.ram_db    0x20000198      0x28b ./Core/Src/pass_storage.o
 *fill*         0x20000423        0x1 
 .bss.uwTick    0x20000424        0x4 ./Drivers/STM32F4xx_HAL_Driver/Src/stm32f4xx_hal.o
                0x20000424                uwTick
 .bss.cfgidx.0  0x20000428        0x1 ./Middlewares/ST/STM32_USB_Device_Library/Core/Src/usbd_ctlreq.o
 *fill*         0x20000429        0x3 
 .bss.hUsbDeviceFS
                0x2000042c      0x2dc ./USB_DEVICE/App/usb_device.o
                0x2000042c                hUsbDeviceFS
 .bss.USBD_StrDesc
                0x20000708      0x200 ./USB_DEVICE/App/usbd_desc.o
                0x20000708                USBD_StrDesc
 .bss.hpcd_USB_OTG_FS
                0x20000908      0x4e4 ./USB_DEVICE/Target/usbd_conf.o
                0x20000908                hpcd_USB_OTG_FS
 .bss.mem.0     0x20000dec       0x14 ./USB_DEVICE/Target/usbd_conf.o
 *(COMMON)
                0x20000e00                        . = ALIGN (0x4)
                0x20000e00                        _ebss = .
                0x20000e00                        __bss_end__ = _ebss

._user_heap_stack
                0x20000e00      0x600 load address 0x0800907c
                0x20000e00                        . = ALIGN (0x8)
                [!provide]                        PROVIDE (end = .)
                0x20000e00                        PROVIDE (_end = .)
                0x20001000                        . = (. + _Min_Heap_Size)
 *fill*         0x20000e00      0x200 
                0x20001400                        . = (. + _Min_Stack_Size)
 *fill*         0x20001000      0x400 
                0x20001400                        . = ALIGN (0x8)

/DISCARD/
 libc.a(*)
 libm.a(*)
 libgcc.a(*)

.ARM.attributes
                0x00000000       0x30
 *(.ARM.attributes)
 .ARM.attributes
                0x00000000       0x22 D:/Big_Softwares/STM32CubeIDE_2.1.1/STM32CubeIDE/plugins/com.st.stm32cube.ide.mcu.externaltools.gnu-tools-for-stm32.14.3.rel1.win32_1.0.100.202602081740/tools/bin/../lib/gcc/arm-none-eabi/14.3.1/thumb/v7e-m+fp/hard/crti.o
 .ARM.attributes
                0x00000022       0x34 D:/Big_Softwares/STM32CubeIDE_2.1.1/STM32CubeIDE/plugins/com.st.stm32cube.ide.mcu.externaltools.gnu-tools-for-stm32.14.3.rel1.win32_1.0.100.202602081740/tools/bin/../lib/gcc/arm-none-eabi/14.3.1/thumb/v7e-m+fp/hard/crtbegin.o
 .ARM.attributes
                0x00000056       0x34 ./Core/Src/aes.o
 .ARM.attributes
                0x0000008a       0x34 ./Core/Src/entropy_gen.o
 .ARM.attributes
                0x000000be       0x34 ./Core/Src/main.o
 .ARM.attributes
                0x000000f2       0x34 ./Core/Src/pass_storage.o
 .ARM.attributes
                0x00000126       0x34 ./Core/Src/security_vault.o
 .ARM.attributes
                0x0000015a       0x34 ./Core/Src/stm32f4xx_hal_msp.o
 .ARM.attributes
                0x0000018e       0x34 ./Core/Src/stm32f4xx_it.o
 .ARM.attributes
                0x000001c2       0x34 ./Core/Src/system_stm32f4xx.o
 .ARM.attributes
                0x000001f6       0x21 ./Core/Startup/startup_stm32f401ccux.o
 .ARM.attributes
                0x00000217       0x34 ./Drivers/STM32F4xx_HAL_Driver/Src/stm32f4xx_hal.o
 .ARM.attributes
                0x0000024b       0x34 ./Drivers/STM32F4xx_HAL_Driver/Src/stm32f4xx_hal_adc.o
 .ARM.attributes
                0x0000027f       0x34 ./Drivers/STM32F4xx_HAL_Driver/Src/stm32f4xx_hal_cortex.o
 .ARM.attributes
                0x000002b3       0x34 ./Drivers/STM32F4xx_HAL_Driver/Src/stm32f4xx_hal_flash.o
 .ARM.attributes
                0x000002e7       0x34 ./Drivers/STM32F4xx_HAL_Driver/Src/stm32f4xx_hal_flash_ex.o
 .ARM.attributes
                0x0000031b       0x34 ./Drivers/STM32F4xx_HAL_Driver/Src/stm32f4xx_hal_gpio.o
 .ARM.attributes
                0x0000034f       0x34 ./Drivers/STM32F4xx_HAL_Driver/Src/stm32f4xx_hal_pcd.o
 .ARM.attributes
                0x00000383       0x34 ./Drivers/STM32F4xx_HAL_Driver/Src/stm32f4xx_hal_pcd_ex.o
 .ARM.attributes
                0x000003b7       0x34 ./Drivers/STM32F4xx_HAL_Driver/Src/stm32f4xx_hal_rcc.o
 .ARM.attributes
                0x000003eb       0x34 ./Drivers/STM32F4xx_HAL_Driver/Src/stm32f4xx_ll_usb.o
 .ARM.attributes
                0x0000041f       0x34 ./Middlewares/ST/STM32_USB_Device_Library/Class/HID/Src/usbd_hid.o
 .ARM.attributes
                0x00000453       0x34 ./Middlewares/ST/STM32_USB_Device_Library/Core/Src/usbd_core.o
 .ARM.attributes
                0x00000487       0x34 ./Middlewares/ST/STM32_USB_Device_Library/Core/Src/usbd_ctlreq.o
 .ARM.attributes
                0x000004bb       0x34 ./Middlewares/ST/STM32_USB_Device_Library/Core/Src/usbd_ioreq.o
 .ARM.attributes
                0x000004ef       0x34 ./USB_DEVICE/App/usb_device.o
 .ARM.attributes
                0x00000523       0x34 ./USB_DEVICE/App/usbd_desc.o
 .ARM.attributes
                0x00000557       0x34 ./USB_DEVICE/Target/usbd_conf.o
 .ARM.attributes
                0x0000058b       0x34 D:/Big_Softwares/STM32CubeIDE_2.1.1/STM32CubeIDE/plugins/com.st.stm32cube.ide.mcu.externaltools.gnu-tools-for-stm32.14.3.rel1.win32_1.0.100.202602081740/tools/bin/../lib/gcc/arm-none-eabi/14.3.1/../../../../arm-none-eabi/lib/thumb/v7e-m+fp/hard\libc_nano.a(libc_a-memcmp.o)
 .ARM.attributes
                0x000005bf       0x34 D:/Big_Softwares/STM32CubeIDE_2.1.1/STM32CubeIDE/plugins/com.st.stm32cube.ide.mcu.externaltools.gnu-tools-for-stm32.14.3.rel1.win32_1.0.100.202602081740/tools/bin/../lib/gcc/arm-none-eabi/14.3.1/../../../../arm-none-eabi/lib/thumb/v7e-m+fp/hard\libc_nano.a(libc_a-memset.o)
 .ARM.attributes
                0x000005f3       0x34 D:/Big_Softwares/STM32CubeIDE_2.1.1/STM32CubeIDE/plugins/com.st.stm32cube.ide.mcu.externaltools.gnu-tools-for-stm32.14.3.rel1.win32_1.0.100.202602081740/tools/bin/../lib/gcc/arm-none-eabi/14.3.1/../../../../arm-none-eabi/lib/thumb/v7e-m+fp/hard\libc_nano.a(libc_a-strncpy.o)
 .ARM.attributes
                0x00000627       0x34 D:/Big_Softwares/STM32CubeIDE_2.1.1/STM32CubeIDE/plugins/com.st.stm32cube.ide.mcu.externaltools.gnu-tools-for-stm32.14.3.rel1.win32_1.0.100.202602081740/tools/bin/../lib/gcc/arm-none-eabi/14.3.1/../../../../arm-none-eabi/lib/thumb/v7e-m+fp/hard\libc_nano.a(libc_a-init.o)
 .ARM.attributes
                0x0000065b       0x34 D:/Big_Softwares/STM32CubeIDE_2.1.1/STM32CubeIDE/plugins/com.st.stm32cube.ide.mcu.externaltools.gnu-tools-for-stm32.14.3.rel1.win32_1.0.100.202602081740/tools/bin/../lib/gcc/arm-none-eabi/14.3.1/../../../../arm-none-eabi/lib/thumb/v7e-m+fp/hard\libc_nano.a(libc_a-memcpy-stub.o)
 .ARM.attributes
                0x0000068f       0x22 D:/Big_Softwares/STM32CubeIDE_2.1.1/STM32CubeIDE/plugins/com.st.stm32cube.ide.mcu.externaltools.gnu-tools-for-stm32.14.3.rel1.win32_1.0.100.202602081740/tools/bin/../lib/gcc/arm-none-eabi/14.3.1/thumb/v7e-m+fp/hard\libgcc.a(_aeabi_uldivmod.o)
 .ARM.attributes
                0x000006b1       0x34 D:/Big_Softwares/STM32CubeIDE_2.1.1/STM32CubeIDE/plugins/com.st.stm32cube.ide.mcu.externaltools.gnu-tools-for-stm32.14.3.rel1.win32_1.0.100.202602081740/tools/bin/../lib/gcc/arm-none-eabi/14.3.1/thumb/v7e-m+fp/hard\libgcc.a(_udivmoddi4.o)
 .ARM.attributes
                0x000006e5       0x22 D:/Big_Softwares/STM32CubeIDE_2.1.1/STM32CubeIDE/plugins/com.st.stm32cube.ide.mcu.externaltools.gnu-tools-for-stm32.14.3.rel1.win32_1.0.100.202602081740/tools/bin/../lib/gcc/arm-none-eabi/14.3.1/thumb/v7e-m+fp/hard\libgcc.a(_dvmd_tls.o)
 .ARM.attributes
                0x00000707       0x22 D:/Big_Softwares/STM32CubeIDE_2.1.1/STM32CubeIDE/plugins/com.st.stm32cube.ide.mcu.externaltools.gnu-tools-for-stm32.14.3.rel1.win32_1.0.100.202602081740/tools/bin/../lib/gcc/arm-none-eabi/14.3.1/thumb/v7e-m+fp/hard/crtn.o
OUTPUT(STM32_BlackPill_HSM_TOKEN.elf elf32-littlearm)
LOAD linker stubs
LOAD D:/Big_Softwares/STM32CubeIDE_2.1.1/STM32CubeIDE/plugins/com.st.stm32cube.ide.mcu.externaltools.gnu-tools-for-stm32.14.3.rel1.win32_1.0.100.202602081740/tools/bin/../lib/gcc/arm-none-eabi/14.3.1/../../../../arm-none-eabi/lib/thumb/v7e-m+fp/hard\libc.a
LOAD D:/Big_Softwares/STM32CubeIDE_2.1.1/STM32CubeIDE/plugins/com.st.stm32cube.ide.mcu.externaltools.gnu-tools-for-stm32.14.3.rel1.win32_1.0.100.202602081740/tools/bin/../lib/gcc/arm-none-eabi/14.3.1/../../../../arm-none-eabi/lib/thumb/v7e-m+fp/hard\libm.a
LOAD D:/Big_Softwares/STM32CubeIDE_2.1.1/STM32CubeIDE/plugins/com.st.stm32cube.ide.mcu.externaltools.gnu-tools-for-stm32.14.3.rel1.win32_1.0.100.202602081740/tools/bin/../lib/gcc/arm-none-eabi/14.3.1/thumb/v7e-m+fp/hard\libgcc.a

.debug_info     0x00000000    0x10691
 .debug_info    0x00000000      0x750 ./Core/Src/aes.o
 .debug_info    0x00000750      0x78b ./Core/Src/entropy_gen.o
 .debug_info    0x00000edb     0x13d2 ./Core/Src/main.o
 .debug_info    0x000022ad      0x4e6 ./Core/Src/pass_storage.o
 .debug_info    0x00002793      0x327 ./Core/Src/security_vault.o
 .debug_info    0x00002aba      0x91d ./Core/Src/stm32f4xx_hal_msp.o
 .debug_info    0x000033d7      0x627 ./Core/Src/stm32f4xx_it.o
 .debug_info    0x000039fe      0x53e ./Core/Src/system_stm32f4xx.o
 .debug_info    0x00003f3c       0x30 ./Core/Startup/startup_stm32f401ccux.o
 .debug_info    0x00003f6c      0x8bb ./Drivers/STM32F4xx_HAL_Driver/Src/stm32f4xx_hal.o
 .debug_info    0x00004827      0xce0 ./Drivers/STM32F4xx_HAL_Driver/Src/stm32f4xx_hal_adc.o
 .debug_info    0x00005507      0xcf6 ./Drivers/STM32F4xx_HAL_Driver/Src/stm32f4xx_hal_cortex.o
 .debug_info    0x000061fd      0x589 ./Drivers/STM32F4xx_HAL_Driver/Src/stm32f4xx_hal_flash.o
 .debug_info    0x00006786      0x7d8 ./Drivers/STM32F4xx_HAL_Driver/Src/stm32f4xx_hal_flash_ex.o
 .debug_info    0x00006f5e      0x6f9 ./Drivers/STM32F4xx_HAL_Driver/Src/stm32f4xx_hal_gpio.o
 .debug_info    0x00007657     0x1577 ./Drivers/STM32F4xx_HAL_Driver/Src/stm32f4xx_hal_pcd.o
 .debug_info    0x00008bce      0x6ea ./Drivers/STM32F4xx_HAL_Driver/Src/stm32f4xx_hal_pcd_ex.o
 .debug_info    0x000092b8      0x905 ./Drivers/STM32F4xx_HAL_Driver/Src/stm32f4xx_hal_rcc.o
 .debug_info    0x00009bbd     0x1993 ./Drivers/STM32F4xx_HAL_Driver/Src/stm32f4xx_ll_usb.o
 .debug_info    0x0000b550      0xa91 ./Middlewares/ST/STM32_USB_Device_Library/Class/HID/Src/usbd_hid.o
 .debug_info    0x0000bfe1      0xe12 ./Middlewares/ST/STM32_USB_Device_Library/Core/Src/usbd_core.o
 .debug_info    0x0000cdf3      0xaeb ./Middlewares/ST/STM32_USB_Device_Library/Core/Src/usbd_ctlreq.o
 .debug_info    0x0000d8de      0x762 ./Middlewares/ST/STM32_USB_Device_Library/Core/Src/usbd_ioreq.o
 .debug_info    0x0000e040      0x5fc ./USB_DEVICE/App/usb_device.o
 .debug_info    0x0000e63c      0x458 ./USB_DEVICE/App/usbd_desc.o
 .debug_info    0x0000ea94     0x1bfd ./USB_DEVICE/Target/usbd_conf.o

.debug_abbrev   0x00000000     0x3638
 .debug_abbrev  0x00000000      0x202 ./Core/Src/aes.o
 .debug_abbrev  0x00000202      0x194 ./Core/Src/entropy_gen.o
 .debug_abbrev  0x00000396      0x317 ./Core/Src/main.o
 .debug_abbrev  0x000006ad      0x1df ./Core/Src/pass_storage.o
 .debug_abbrev  0x0000088c      0x134 ./Core/Src/security_vault.o
 .debug_abbrev  0x000009c0      0x1a4 ./Core/Src/stm32f4xx_hal_msp.o
 .debug_abbrev  0x00000b64      0x1a4 ./Core/Src/stm32f4xx_it.o
 .debug_abbrev  0x00000d08      0x11a ./Core/Src/system_stm32f4xx.o
 .debug_abbrev  0x00000e22       0x24 ./Core/Startup/startup_stm32f401ccux.o
 .debug_abbrev  0x00000e46      0x24b ./Drivers/STM32F4xx_HAL_Driver/Src/stm32f4xx_hal.o
 .debug_abbrev  0x00001091      0x20e ./Drivers/STM32F4xx_HAL_Driver/Src/stm32f4xx_hal_adc.o
 .debug_abbrev  0x0000129f      0x31d ./Drivers/STM32F4xx_HAL_Driver/Src/stm32f4xx_hal_cortex.o
 .debug_abbrev  0x000015bc      0x27c ./Drivers/STM32F4xx_HAL_Driver/Src/stm32f4xx_hal_flash.o
 .debug_abbrev  0x00001838      0x25d ./Drivers/STM32F4xx_HAL_Driver/Src/stm32f4xx_hal_flash_ex.o
 .debug_abbrev  0x00001a95      0x1d3 ./Drivers/STM32F4xx_HAL_Driver/Src/stm32f4xx_hal_gpio.o
 .debug_abbrev  0x00001c68      0x2b6 ./Drivers/STM32F4xx_HAL_Driver/Src/stm32f4xx_hal_pcd.o
 .debug_abbrev  0x00001f1e      0x1da ./Drivers/STM32F4xx_HAL_Driver/Src/stm32f4xx_hal_pcd_ex.o
 .debug_abbrev  0x000020f8      0x2b6 ./Drivers/STM32F4xx_HAL_Driver/Src/stm32f4xx_hal_rcc.o
 .debug_abbrev  0x000023ae      0x2b3 ./Drivers/STM32F4xx_HAL_Driver/Src/stm32f4xx_ll_usb.o
 .debug_abbrev  0x00002661      0x2a2 ./Middlewares/ST/STM32_USB_Device_Library/Class/HID/Src/usbd_hid.o
 .debug_abbrev  0x00002903      0x27c ./Middlewares/ST/STM32_USB_Device_Library/Core/Src/usbd_core.o
 .debug_abbrev  0x00002b7f      0x26f ./Middlewares/ST/STM32_USB_Device_Library/Core/Src/usbd_ctlreq.o
 .debug_abbrev  0x00002dee      0x19a ./Middlewares/ST/STM32_USB_Device_Library/Core/Src/usbd_ioreq.o
 .debug_abbrev  0x00002f88      0x190 ./USB_DEVICE/App/usb_device.o
 .debug_abbrev  0x00003118      0x1e1 ./USB_DEVICE/App/usbd_desc.o
 .debug_abbrev  0x000032f9      0x33f ./USB_DEVICE/Target/usbd_conf.o

.debug_aranges  0x00000000      0xea8
 .debug_aranges
                0x00000000       0xb8 ./Core/Src/aes.o
 .debug_aranges
                0x000000b8       0x30 ./Core/Src/entropy_gen.o
 .debug_aranges
                0x000000e8       0x50 ./Core/Src/main.o
 .debug_aranges
                0x00000138       0x40 ./Core/Src/pass_storage.o
 .debug_aranges
                0x00000178       0x28 ./Core/Src/security_vault.o
 .debug_aranges
                0x000001a0       0x30 ./Core/Src/stm32f4xx_hal_msp.o
 .debug_aranges
                0x000001d0       0x68 ./Core/Src/stm32f4xx_it.o
 .debug_aranges
                0x00000238       0x28 ./Core/Src/system_stm32f4xx.o
 .debug_aranges
                0x00000260       0x28 ./Core/Startup/startup_stm32f401ccux.o
 .debug_aranges
                0x00000288       0xf0 ./Drivers/STM32F4xx_HAL_Driver/Src/stm32f4xx_hal.o
 .debug_aranges
                0x00000378       0xe8 ./Drivers/STM32F4xx_HAL_Driver/Src/stm32f4xx_hal_adc.o
 .debug_aranges
                0x00000460      0x130 ./Drivers/STM32F4xx_HAL_Driver/Src/stm32f4xx_hal_cortex.o
 .debug_aranges
                0x00000590       0xa0 ./Drivers/STM32F4xx_HAL_Driver/Src/stm32f4xx_hal_flash.o
 .debug_aranges
                0x00000630       0xc8 ./Drivers/STM32F4xx_HAL_Driver/Src/stm32f4xx_hal_flash_ex.o
 .debug_aranges
                0x000006f8       0x58 ./Drivers/STM32F4xx_HAL_Driver/Src/stm32f4xx_hal_gpio.o
 .debug_aranges
                0x00000750      0x148 ./Drivers/STM32F4xx_HAL_Driver/Src/stm32f4xx_hal_pcd.o
 .debug_aranges
                0x00000898       0x38 ./Drivers/STM32F4xx_HAL_Driver/Src/stm32f4xx_hal_pcd_ex.o
 .debug_aranges
                0x000008d0       0x88 ./Drivers/STM32F4xx_HAL_Driver/Src/stm32f4xx_hal_rcc.o
 .debug_aranges
                0x00000958      0x1a0 ./Drivers/STM32F4xx_HAL_Driver/Src/stm32f4xx_ll_usb.o
 .debug_aranges
                0x00000af8       0x68 ./Middlewares/ST/STM32_USB_Device_Library/Class/HID/Src/usbd_hid.o
 .debug_aranges
                0x00000b60       0xd8 ./Middlewares/ST/STM32_USB_Device_Library/Core/Src/usbd_core.o
 .debug_aranges
                0x00000c38       0x90 ./Middlewares/ST/STM32_USB_Device_Library/Core/Src/usbd_ctlreq.o
 .debug_aranges
                0x00000cc8       0x50 ./Middlewares/ST/STM32_USB_Device_Library/Core/Src/usbd_ioreq.o
 .debug_aranges
                0x00000d18       0x20 ./USB_DEVICE/App/usb_device.o
 .debug_aranges
                0x00000d38       0x60 ./USB_DEVICE/App/usbd_desc.o
 .debug_aranges
                0x00000d98      0x110 ./USB_DEVICE/Target/usbd_conf.o

.debug_rnglists
                0x00000000      0xada
 .debug_rnglists
                0x00000000       0x8b ./Core/Src/aes.o
 .debug_rnglists
                0x0000008b       0x21 ./Core/Src/entropy_gen.o
 .debug_rnglists
                0x000000ac       0x3a ./Core/Src/main.o
 .debug_rnglists
                0x000000e6       0x2e ./Core/Src/pass_storage.o
 .debug_rnglists
                0x00000114       0x1b ./Core/Src/security_vault.o
 .debug_rnglists
                0x0000012f       0x20 ./Core/Src/stm32f4xx_hal_msp.o
 .debug_rnglists
                0x0000014f       0x49 ./Core/Src/stm32f4xx_it.o
 .debug_rnglists
                0x00000198       0x1a ./Core/Src/system_stm32f4xx.o
 .debug_rnglists
                0x000001b2       0x19 ./Core/Startup/startup_stm32f401ccux.o
 .debug_rnglists
                0x000001cb       0xaf ./Drivers/STM32F4xx_HAL_Driver/Src/stm32f4xx_hal.o
 .debug_rnglists
                0x0000027a       0xb5 ./Drivers/STM32F4xx_HAL_Driver/Src/stm32f4xx_hal_adc.o
 .debug_rnglists
                0x0000032f       0xe0 ./Drivers/STM32F4xx_HAL_Driver/Src/stm32f4xx_hal_cortex.o
 .debug_rnglists
                0x0000040f       0x78 ./Drivers/STM32F4xx_HAL_Driver/Src/stm32f4xx_hal_flash.o
 .debug_rnglists
                0x00000487       0x96 ./Drivers/STM32F4xx_HAL_Driver/Src/stm32f4xx_hal_flash_ex.o
 .debug_rnglists
                0x0000051d       0x3f ./Drivers/STM32F4xx_HAL_Driver/Src/stm32f4xx_hal_gpio.o
 .debug_rnglists
                0x0000055c       0xfa ./Drivers/STM32F4xx_HAL_Driver/Src/stm32f4xx_hal_pcd.o
 .debug_rnglists
                0x00000656       0x26 ./Drivers/STM32F4xx_HAL_Driver/Src/stm32f4xx_hal_pcd_ex.o
 .debug_rnglists
                0x0000067c       0x66 ./Drivers/STM32F4xx_HAL_Driver/Src/stm32f4xx_hal_rcc.o
 .debug_rnglists
                0x000006e2      0x147 ./Drivers/STM32F4xx_HAL_Driver/Src/stm32f4xx_ll_usb.o
 .debug_rnglists
                0x00000829       0x4c ./Middlewares/ST/STM32_USB_Device_Library/Class/HID/Src/usbd_hid.o
 .debug_rnglists
                0x00000875       0xa1 ./Middlewares/ST/STM32_USB_Device_Library/Core/Src/usbd_core.o
 .debug_rnglists
                0x00000916       0x6e ./Middlewares/ST/STM32_USB_Device_Library/Core/Src/usbd_ctlreq.o
 .debug_rnglists
                0x00000984       0x37 ./Middlewares/ST/STM32_USB_Device_Library/Core/Src/usbd_ioreq.o
 .debug_rnglists
                0x000009bb       0x13 ./USB_DEVICE/App/usb_device.o
 .debug_rnglists
                0x000009ce       0x43 ./USB_DEVICE/App/usbd_desc.o
 .debug_rnglists
                0x00000a11       0xc9 ./USB_DEVICE/Target/usbd_conf.o

.debug_macro    0x00000000    0x19b4e
 .debug_macro   0x00000000      0x170 ./Core/Src/aes.o
 .debug_macro   0x00000170      0xad8 ./Core/Src/aes.o
 .debug_macro   0x00000c48       0x22 ./Core/Src/aes.o
 .debug_macro   0x00000c6a       0x5b ./Core/Src/aes.o
 .debug_macro   0x00000cc5       0x2a ./Core/Src/aes.o
 .debug_macro   0x00000cef       0x94 ./Core/Src/aes.o
 .debug_macro   0x00000d83       0x43 ./Core/Src/aes.o
 .debug_macro   0x00000dc6       0x34 ./Core/Src/aes.o
 .debug_macro   0x00000dfa      0x190 ./Core/Src/aes.o
 .debug_macro   0x00000f8a       0x57 ./Core/Src/aes.o
 .debug_macro   0x00000fe1      0x364 ./Core/Src/aes.o
 .debug_macro   0x00001345       0x16 ./Core/Src/aes.o
 .debug_macro   0x0000135b       0x4a ./Core/Src/aes.o
 .debug_macro   0x000013a5       0x34 ./Core/Src/aes.o
 .debug_macro   0x000013d9       0x10 ./Core/Src/aes.o
 .debug_macro   0x000013e9       0x58 ./Core/Src/aes.o
 .debug_macro   0x00001441       0x8e ./Core/Src/aes.o
 .debug_macro   0x000014cf       0x1c ./Core/Src/aes.o
 .debug_macro   0x000014eb      0x17e ./Core/Src/aes.o
 .debug_macro   0x00001669       0x10 ./Core/Src/aes.o
 .debug_macro   0x00001679       0x3c ./Core/Src/aes.o
 .debug_macro   0x000016b5       0x20 ./Core/Src/aes.o
 .debug_macro   0x000016d5      0x103 ./Core/Src/aes.o
 .debug_macro   0x000017d8       0x6a ./Core/Src/aes.o
 .debug_macro   0x00001842      0x1df ./Core/Src/aes.o
 .debug_macro   0x00001a21       0x2e ./Core/Src/aes.o
 .debug_macro   0x00001a4f      0x210 ./Core/Src/entropy_gen.o
 .debug_macro   0x00001c5f      0x29b ./Core/Src/entropy_gen.o
 .debug_macro   0x00001efa       0x2e ./Core/Src/entropy_gen.o
 .debug_macro   0x00001f28       0x28 ./Core/Src/entropy_gen.o
 .debug_macro   0x00001f50       0x8e ./Core/Src/entropy_gen.o
 .debug_macro   0x00001fde       0x51 ./Core/Src/entropy_gen.o
 .debug_macro   0x0000202f       0x1c ./Core/Src/entropy_gen.o
 .debug_macro   0x0000204b       0x22 ./Core/Src/entropy_gen.o
 .debug_macro   0x0000206d       0xfb ./Core/Src/entropy_gen.o
 .debug_macro   0x00002168     0x1011 ./Core/Src/entropy_gen.o
 .debug_macro   0x00003179      0x11f ./Core/Src/entropy_gen.o
 .debug_macro   0x00003298     0xb881 ./Core/Src/entropy_gen.o
 .debug_macro   0x0000eb19       0x6d ./Core/Src/entropy_gen.o
 .debug_macro   0x0000eb86     0x3693 ./Core/Src/entropy_gen.o
 .debug_macro   0x00012219       0x5c ./Core/Src/entropy_gen.o
 .debug_macro   0x00012275      0x416 ./Core/Src/entropy_gen.o
 .debug_macro   0x0001268b      0x9e9 ./Core/Src/entropy_gen.o
 .debug_macro   0x00013074      0x115 ./Core/Src/entropy_gen.o
 .debug_macro   0x00013189       0xf8 ./Core/Src/entropy_gen.o
 .debug_macro   0x00013281       0xa5 ./Core/Src/entropy_gen.o
 .debug_macro   0x00013326      0x15f ./Core/Src/entropy_gen.o
 .debug_macro   0x00013485      0x287 ./Core/Src/entropy_gen.o
 .debug_macro   0x0001370c       0x5f ./Core/Src/entropy_gen.o
 .debug_macro   0x0001376b      0x236 ./Core/Src/entropy_gen.o
 .debug_macro   0x000139a1      0x9e1 ./Core/Src/entropy_gen.o
 .debug_macro   0x00014382      0x38b ./Core/Src/entropy_gen.o
 .debug_macro   0x0001470d      0x176 ./Core/Src/entropy_gen.o
 .debug_macro   0x00014883       0xf9 ./Core/Src/entropy_gen.o
 .debug_macro   0x0001497c      0x132 ./Core/Src/entropy_gen.o
 .debug_macro   0x00014aae      0x23a ./Core/Src/entropy_gen.o
 .debug_macro   0x00014ce8       0x2e ./Core/Src/entropy_gen.o
 .debug_macro   0x00014d16      0x127 ./Core/Src/entropy_gen.o
 .debug_macro   0x00014e3d       0x85 ./Core/Src/entropy_gen.o
 .debug_macro   0x00014ec2       0x89 ./Core/Src/entropy_gen.o
 .debug_macro   0x00014f4b      0x293 ./Core/Src/entropy_gen.o
 .debug_macro   0x000151de       0xba ./Core/Src/entropy_gen.o
 .debug_macro   0x00015298      0x126 ./Core/Src/entropy_gen.o
 .debug_macro   0x000153be      0x3d4 ./Core/Src/main.o
 .debug_macro   0x00015792       0x61 ./Core/Src/main.o
 .debug_macro   0x000157f3       0x16 ./Core/Src/main.o
 .debug_macro   0x00015809       0x10 ./Core/Src/main.o
 .debug_macro   0x00015819       0x16 ./Core/Src/main.o
 .debug_macro   0x0001582f       0x16 ./Core/Src/main.o
 .debug_macro   0x00015845      0x146 ./Core/Src/main.o
 .debug_macro   0x0001598b       0x16 ./Core/Src/main.o
 .debug_macro   0x000159a1       0x16 ./Core/Src/main.o
 .debug_macro   0x000159b7       0x29 ./Core/Src/main.o
 .debug_macro   0x000159e0       0x16 ./Core/Src/main.o
 .debug_macro   0x000159f6       0x6b ./Core/Src/main.o
 .debug_macro   0x00015a61      0x20f ./Core/Src/main.o
 .debug_macro   0x00015c70       0x5f ./Core/Src/main.o
 .debug_macro   0x00015ccf       0x22 ./Core/Src/main.o
 .debug_macro   0x00015cf1       0x22 ./Core/Src/main.o
 .debug_macro   0x00015d13       0x16 ./Core/Src/main.o
 .debug_macro   0x00015d29      0x2ee ./Core/Src/pass_storage.o
 .debug_macro   0x00016017      0x318 ./Core/Src/security_vault.o
 .debug_macro   0x0001632f       0x10 ./Core/Src/security_vault.o
 .debug_macro   0x0001633f      0x206 ./Core/Src/stm32f4xx_hal_msp.o
 .debug_macro   0x00016545      0x210 ./Core/Src/stm32f4xx_it.o
 .debug_macro   0x00016755      0x1fc ./Core/Src/system_stm32f4xx.o
 .debug_macro   0x00016951      0x25c ./Drivers/STM32F4xx_HAL_Driver/Src/stm32f4xx_hal.o
 .debug_macro   0x00016bad      0x1fd ./Drivers/STM32F4xx_HAL_Driver/Src/stm32f4xx_hal_adc.o
 .debug_macro   0x00016daa      0x1fc ./Drivers/STM32F4xx_HAL_Driver/Src/stm32f4xx_hal_cortex.o
 .debug_macro   0x00016fa6      0x202 ./Drivers/STM32F4xx_HAL_Driver/Src/stm32f4xx_hal_flash.o
 .debug_macro   0x000171a8      0x202 ./Drivers/STM32F4xx_HAL_Driver/Src/stm32f4xx_hal_flash_ex.o
 .debug_macro   0x000173aa      0x202 ./Drivers/STM32F4xx_HAL_Driver/Src/stm32f4xx_hal_gpio.o
 .debug_macro   0x000175ac      0x208 ./Drivers/STM32F4xx_HAL_Driver/Src/stm32f4xx_hal_pcd.o
 .debug_macro   0x000177b4      0x1fc ./Drivers/STM32F4xx_HAL_Driver/Src/stm32f4xx_hal_pcd_ex.o
 .debug_macro   0x000179b0      0x220 ./Drivers/STM32F4xx_HAL_Driver/Src/stm32f4xx_hal_rcc.o
 .debug_macro   0x00017bd0      0x1fc ./Drivers/STM32F4xx_HAL_Driver/Src/stm32f4xx_ll_usb.o
 .debug_macro   0x00017dcc      0x395 ./Middlewares/ST/STM32_USB_Device_Library/Class/HID/Src/usbd_hid.o
 .debug_macro   0x00018161       0x9e ./Middlewares/ST/STM32_USB_Device_Library/Class/HID/Src/usbd_hid.o
 .debug_macro   0x000181ff      0x112 ./Middlewares/ST/STM32_USB_Device_Library/Class/HID/Src/usbd_hid.o
 .debug_macro   0x00018311       0x56 ./Middlewares/ST/STM32_USB_Device_Library/Class/HID/Src/usbd_hid.o
 .debug_macro   0x00018367      0x37c ./Middlewares/ST/STM32_USB_Device_Library/Core/Src/usbd_core.o
 .debug_macro   0x000186e3      0x215 ./Middlewares/ST/STM32_USB_Device_Library/Core/Src/usbd_core.o
 .debug_macro   0x000188f8      0x386 ./Middlewares/ST/STM32_USB_Device_Library/Core/Src/usbd_ctlreq.o
 .debug_macro   0x00018c7e      0x382 ./Middlewares/ST/STM32_USB_Device_Library/Core/Src/usbd_ioreq.o
 .debug_macro   0x00019000      0x3b2 ./USB_DEVICE/App/usb_device.o
 .debug_macro   0x000193b2       0x22 ./USB_DEVICE/App/usb_device.o
 .debug_macro   0x000193d4      0x3bf ./USB_DEVICE/App/usbd_desc.o
 .debug_macro   0x00019793       0x1c ./USB_DEVICE/App/usbd_desc.o
 .debug_macro   0x000197af      0x39f ./USB_DEVICE/Target/usbd_conf.o

.debug_line     0x00000000    0x14e2c
 .debug_line    0x00000000     0x10cb ./Core/Src/aes.o
 .debug_line    0x000010cb      0x8af ./Core/Src/entropy_gen.o
 .debug_line    0x0000197a      0xd92 ./Core/Src/main.o
 .debug_line    0x0000270c      0xb8e ./Core/Src/pass_storage.o
 .debug_line    0x0000329a      0xa97 ./Core/Src/security_vault.o
 .debug_line    0x00003d31      0x7d2 ./Core/Src/stm32f4xx_hal_msp.o
 .debug_line    0x00004503      0x852 ./Core/Src/stm32f4xx_it.o
 .debug_line    0x00004d55      0x801 ./Core/Src/system_stm32f4xx.o
 .debug_line    0x00005556       0x7a ./Core/Startup/startup_stm32f401ccux.o
 .debug_line    0x000055d0      0xa80 ./Drivers/STM32F4xx_HAL_Driver/Src/stm32f4xx_hal.o
 .debug_line    0x00006050     0x11c8 ./Drivers/STM32F4xx_HAL_Driver/Src/stm32f4xx_hal_adc.o
 .debug_line    0x00007218      0xd4d ./Drivers/STM32F4xx_HAL_Driver/Src/stm32f4xx_hal_cortex.o
 .debug_line    0x00007f65      0xb30 ./Drivers/STM32F4xx_HAL_Driver/Src/stm32f4xx_hal_flash.o
 .debug_line    0x00008a95      0xc30 ./Drivers/STM32F4xx_HAL_Driver/Src/stm32f4xx_hal_flash_ex.o
 .debug_line    0x000096c5      0xb96 ./Drivers/STM32F4xx_HAL_Driver/Src/stm32f4xx_hal_gpio.o
 .debug_line    0x0000a25b     0x14c6 ./Drivers/STM32F4xx_HAL_Driver/Src/stm32f4xx_hal_pcd.o
 .debug_line    0x0000b721      0x846 ./Drivers/STM32F4xx_HAL_Driver/Src/stm32f4xx_hal_pcd_ex.o
 .debug_line    0x0000bf67      0xe8a ./Drivers/STM32F4xx_HAL_Driver/Src/stm32f4xx_hal_rcc.o
 .debug_line    0x0000cdf1     0x1d5b ./Drivers/STM32F4xx_HAL_Driver/Src/stm32f4xx_ll_usb.o
 .debug_line    0x0000eb4c      0xdb1 ./Middlewares/ST/STM32_USB_Device_Library/Class/HID/Src/usbd_hid.o
 .debug_line    0x0000f8fd     0x109b ./Middlewares/ST/STM32_USB_Device_Library/Core/Src/usbd_core.o
 .debug_line    0x00010998     0x125d ./Middlewares/ST/STM32_USB_Device_Library/Core/Src/usbd_ctlreq.o
 .debug_line    0x00011bf5      0xba2 ./Middlewares/ST/STM32_USB_Device_Library/Core/Src/usbd_ioreq.o
 .debug_line    0x00012797      0xb49 ./USB_DEVICE/App/usb_device.o
 .debug_line    0x000132e0      0xc11 ./USB_DEVICE/App/usbd_desc.o
 .debug_line    0x00013ef1      0xf3b ./USB_DEVICE/Target/usbd_conf.o

.debug_str      0x00000000    0x92caf
 .debug_str     0x00000000    0x92caf ./Core/Src/aes.o
                               0x758c (size before relaxing)
 .debug_str     0x00092caf    0x8a575 ./Core/Src/entropy_gen.o
 .debug_str     0x00092caf    0x8f326 ./Core/Src/main.o
 .debug_str     0x00092caf    0x8d53b ./Core/Src/pass_storage.o
 .debug_str     0x00092caf    0x8d44c ./Core/Src/security_vault.o
 .debug_str     0x00092caf    0x8a5fb ./Core/Src/stm32f4xx_hal_msp.o
 .debug_str     0x00092caf    0x8a50f ./Core/Src/stm32f4xx_it.o
 .debug_str     0x00092caf    0x8a218 ./Core/Src/system_stm32f4xx.o
 .debug_str     0x00092caf       0x7d ./Core/Startup/startup_stm32f401ccux.o
 .debug_str     0x00092caf    0x8ac3a ./Drivers/STM32F4xx_HAL_Driver/Src/stm32f4xx_hal.o
 .debug_str     0x00092caf    0x8a7f3 ./Drivers/STM32F4xx_HAL_Driver/Src/stm32f4xx_hal_adc.o
 .debug_str     0x00092caf    0x8a9a4 ./Drivers/STM32F4xx_HAL_Driver/Src/stm32f4xx_hal_cortex.o
 .debug_str     0x00092caf    0x8a3f6 ./Drivers/STM32F4xx_HAL_Driver/Src/stm32f4xx_hal_flash.o
 .debug_str     0x00092caf    0x8a519 ./Drivers/STM32F4xx_HAL_Driver/Src/stm32f4xx_hal_flash_ex.o
 .debug_str     0x00092caf    0x8a393 ./Drivers/STM32F4xx_HAL_Driver/Src/stm32f4xx_hal_gpio.o
 .debug_str     0x00092caf    0x8ace4 ./Drivers/STM32F4xx_HAL_Driver/Src/stm32f4xx_hal_pcd.o
 .debug_str     0x00092caf    0x8a5d4 ./Drivers/STM32F4xx_HAL_Driver/Src/stm32f4xx_hal_pcd_ex.o
 .debug_str     0x00092caf    0x8a64c ./Drivers/STM32F4xx_HAL_Driver/Src/stm32f4xx_hal_rcc.o
 .debug_str     0x00092caf    0x8abbf ./Drivers/STM32F4xx_HAL_Driver/Src/stm32f4xx_ll_usb.o
 .debug_str     0x00092caf    0x8ec10 ./Middlewares/ST/STM32_USB_Device_Library/Class/HID/Src/usbd_hid.o
 .debug_str     0x00092caf    0x8eb7b ./Middlewares/ST/STM32_USB_Device_Library/Core/Src/usbd_core.o
 .debug_str     0x00092caf    0x8e9a6 ./Middlewares/ST/STM32_USB_Device_Library/Core/Src/usbd_ctlreq.o
 .debug_str     0x00092caf    0x8e87b ./Middlewares/ST/STM32_USB_Device_Library/Core/Src/usbd_ioreq.o
 .debug_str     0x00092caf    0x8ea0e ./USB_DEVICE/App/usb_device.o
 .debug_str     0x00092caf    0x8e773 ./USB_DEVICE/App/usbd_desc.o
 .debug_str     0x00092caf    0x8f7c0 ./USB_DEVICE/Target/usbd_conf.o

.comment        0x00000000       0x43
 .comment       0x00000000       0x43 ./Core/Src/aes.o
                                 0x44 (size before relaxing)
 .comment       0x00000043       0x44 ./Core/Src/entropy_gen.o
 .comment       0x00000043       0x44 ./Core/Src/main.o
 .comment       0x00000043       0x44 ./Core/Src/pass_storage.o
 .comment       0x00000043       0x44 ./Core/Src/security_vault.o
 .comment       0x00000043       0x44 ./Core/Src/stm32f4xx_hal_msp.o
 .comment       0x00000043       0x44 ./Core/Src/stm32f4xx_it.o
 .comment       0x00000043       0x44 ./Core/Src/system_stm32f4xx.o
 .comment       0x00000043       0x44 ./Drivers/STM32F4xx_HAL_Driver/Src/stm32f4xx_hal.o
 .comment       0x00000043       0x44 ./Drivers/STM32F4xx_HAL_Driver/Src/stm32f4xx_hal_adc.o
 .comment       0x00000043       0x44 ./Drivers/STM32F4xx_HAL_Driver/Src/stm32f4xx_hal_cortex.o
 .comment       0x00000043       0x44 ./Drivers/STM32F4xx_HAL_Driver/Src/stm32f4xx_hal_flash.o
 .comment       0x00000043       0x44 ./Drivers/STM32F4xx_HAL_Driver/Src/stm32f4xx_hal_flash_ex.o
 .comment       0x00000043       0x44 ./Drivers/STM32F4xx_HAL_Driver/Src/stm32f4xx_hal_gpio.o
 .comment       0x00000043       0x44 ./Drivers/STM32F4xx_HAL_Driver/Src/stm32f4xx_hal_pcd.o
 .comment       0x00000043       0x44 ./Drivers/STM32F4xx_HAL_Driver/Src/stm32f4xx_hal_pcd_ex.o
 .comment       0x00000043       0x44 ./Drivers/STM32F4xx_HAL_Driver/Src/stm32f4xx_hal_rcc.o
 .comment       0x00000043       0x44 ./Drivers/STM32F4xx_HAL_Driver/Src/stm32f4xx_ll_usb.o
 .comment       0x00000043       0x44 ./Middlewares/ST/STM32_USB_Device_Library/Class/HID/Src/usbd_hid.o
 .comment       0x00000043       0x44 ./Middlewares/ST/STM32_USB_Device_Library/Core/Src/usbd_core.o
 .comment       0x00000043       0x44 ./Middlewares/ST/STM32_USB_Device_Library/Core/Src/usbd_ctlreq.o
 .comment       0x00000043       0x44 ./Middlewares/ST/STM32_USB_Device_Library/Core/Src/usbd_ioreq.o
 .comment       0x00000043       0x44 ./USB_DEVICE/App/usb_device.o
 .comment       0x00000043       0x44 ./USB_DEVICE/App/usbd_desc.o
 .comment       0x00000043       0x44 ./USB_DEVICE/Target/usbd_conf.o

.debug_frame    0x00000000     0x37c8
 .debug_frame   0x00000000      0x2f0 ./Core/Src/aes.o
 .debug_frame   0x000002f0       0x7c ./Core/Src/entropy_gen.o
 .debug_frame   0x0000036c       0xfc ./Core/Src/main.o
 .debug_frame   0x00000468       0xc8 ./Core/Src/pass_storage.o
 .debug_frame   0x00000530       0x64 ./Core/Src/security_vault.o
 .debug_frame   0x00000594       0x7c ./Core/Src/stm32f4xx_hal_msp.o
 .debug_frame   0x00000610      0x114 ./Core/Src/stm32f4xx_it.o
 .debug_frame   0x00000724       0x50 ./Core/Src/system_stm32f4xx.o
 .debug_frame   0x00000774      0x31c ./Drivers/STM32F4xx_HAL_Driver/Src/stm32f4xx_hal.o
 .debug_frame   0x00000a90      0x3bc ./Drivers/STM32F4xx_HAL_Driver/Src/stm32f4xx_hal_adc.o
 .debug_frame   0x00000e4c      0x4b8 ./Drivers/STM32F4xx_HAL_Driver/Src/stm32f4xx_hal_cortex.o
 .debug_frame   0x00001304      0x244 ./Drivers/STM32F4xx_HAL_Driver/Src/stm32f4xx_hal_flash.o
 .debug_frame   0x00001548      0x308 ./Drivers/STM32F4xx_HAL_Driver/Src/stm32f4xx_hal_flash_ex.o
 .debug_frame   0x00001850      0x130 ./Drivers/STM32F4xx_HAL_Driver/Src/stm32f4xx_hal_gpio.o
 .debug_frame   0x00001980      0x574 ./Drivers/STM32F4xx_HAL_Driver/Src/stm32f4xx_hal_pcd.o
 .debug_frame   0x00001ef4       0xa0 ./Drivers/STM32F4xx_HAL_Driver/Src/stm32f4xx_hal_pcd_ex.o
 .debug_frame   0x00001f94      0x1d8 ./Drivers/STM32F4xx_HAL_Driver/Src/stm32f4xx_hal_rcc.o
 .debug_frame   0x0000216c      0x724 ./Drivers/STM32F4xx_HAL_Driver/Src/stm32f4xx_ll_usb.o
 .debug_frame   0x00002890      0x178 ./Middlewares/ST/STM32_USB_Device_Library/Class/HID/Src/usbd_hid.o
 .debug_frame   0x00002a08      0x370 ./Middlewares/ST/STM32_USB_Device_Library/Core/Src/usbd_core.o
 .debug_frame   0x00002d78      0x234 ./Middlewares/ST/STM32_USB_Device_Library/Core/Src/usbd_ctlreq.o
 .debug_frame   0x00002fac      0x10c ./Middlewares/ST/STM32_USB_Device_Library/Core/Src/usbd_ioreq.o
 .debug_frame   0x000030b8       0x2c ./USB_DEVICE/App/usb_device.o
 .debug_frame   0x000030e4      0x154 ./USB_DEVICE/App/usbd_desc.o
 .debug_frame   0x00003238      0x46c ./USB_DEVICE/Target/usbd_conf.o
 .debug_frame   0x000036a4       0x28 D:/Big_Softwares/STM32CubeIDE_2.1.1/STM32CubeIDE/plugins/com.st.stm32cube.ide.mcu.externaltools.gnu-tools-for-stm32.14.3.rel1.win32_1.0.100.202602081740/tools/bin/../lib/gcc/arm-none-eabi/14.3.1/../../../../arm-none-eabi/lib/thumb/v7e-m+fp/hard\libc_nano.a(libc_a-memcmp.o)
 .debug_frame   0x000036cc       0x20 D:/Big_Softwares/STM32CubeIDE_2.1.1/STM32CubeIDE/plugins/com.st.stm32cube.ide.mcu.externaltools.gnu-tools-for-stm32.14.3.rel1.win32_1.0.100.202602081740/tools/bin/../lib/gcc/arm-none-eabi/14.3.1/../../../../arm-none-eabi/lib/thumb/v7e-m+fp/hard\libc_nano.a(libc_a-memset.o)
 .debug_frame   0x000036ec       0x28 D:/Big_Softwares/STM32CubeIDE_2.1.1/STM32CubeIDE/plugins/com.st.stm32cube.ide.mcu.externaltools.gnu-tools-for-stm32.14.3.rel1.win32_1.0.100.202602081740/tools/bin/../lib/gcc/arm-none-eabi/14.3.1/../../../../arm-none-eabi/lib/thumb/v7e-m+fp/hard\libc_nano.a(libc_a-strncpy.o)
 .debug_frame   0x00003714       0x2c D:/Big_Softwares/STM32CubeIDE_2.1.1/STM32CubeIDE/plugins/com.st.stm32cube.ide.mcu.externaltools.gnu-tools-for-stm32.14.3.rel1.win32_1.0.100.202602081740/tools/bin/../lib/gcc/arm-none-eabi/14.3.1/../../../../arm-none-eabi/lib/thumb/v7e-m+fp/hard\libc_nano.a(libc_a-init.o)
 .debug_frame   0x00003740       0x28 D:/Big_Softwares/STM32CubeIDE_2.1.1/STM32CubeIDE/plugins/com.st.stm32cube.ide.mcu.externaltools.gnu-tools-for-stm32.14.3.rel1.win32_1.0.100.202602081740/tools/bin/../lib/gcc/arm-none-eabi/14.3.1/../../../../arm-none-eabi/lib/thumb/v7e-m+fp/hard\libc_nano.a(libc_a-memcpy-stub.o)
 .debug_frame   0x00003768       0x2c D:/Big_Softwares/STM32CubeIDE_2.1.1/STM32CubeIDE/plugins/com.st.stm32cube.ide.mcu.externaltools.gnu-tools-for-stm32.14.3.rel1.win32_1.0.100.202602081740/tools/bin/../lib/gcc/arm-none-eabi/14.3.1/thumb/v7e-m+fp/hard\libgcc.a(_aeabi_uldivmod.o)
 .debug_frame   0x00003794       0x34 D:/Big_Softwares/STM32CubeIDE_2.1.1/STM32CubeIDE/plugins/com.st.stm32cube.ide.mcu.externaltools.gnu-tools-for-stm32.14.3.rel1.win32_1.0.100.202602081740/tools/bin/../lib/gcc/arm-none-eabi/14.3.1/thumb/v7e-m+fp/hard\libgcc.a(_udivmoddi4.o)

.debug_line_str
                0x00000000       0x61
 .debug_line_str
                0x00000000       0x61 ./Core/Startup/startup_stm32f401ccux.o